Archive member included to satisfy reference by file (symbol)

.\CortexM3\ARM_GCC_541\Debug\Design01.a(CyLib.o)
                              .\CortexM3\ARM_GCC_541\Debug\Cm3Start.o (CyHalt)
.\CortexM3\ARM_GCC_541\Debug\Design01.a(cyPm.o)
                              .\CortexM3\ARM_GCC_541\Debug\Design01.a(CyLib.o) (CyPmReadStatus)
.\CortexM3\ARM_GCC_541\Debug\Design01.a(motor1.o)
                              .\CortexM3\ARM_GCC_541\Debug\main.o (motor1_WriteCompare)
.\CortexM3\ARM_GCC_541\Debug\Design01.a(motor2.o)
                              .\CortexM3\ARM_GCC_541\Debug\main.o (motor2_WriteCompare)
.\CortexM3\ARM_GCC_541\Debug\Design01.a(motor3.o)
                              .\CortexM3\ARM_GCC_541\Debug\main.o (motor3_WriteCompare)
.\CortexM3\ARM_GCC_541\Debug\Design01.a(UART_PS3.o)
                              .\CortexM3\ARM_GCC_541\Debug\PS3_Controller.o (UART_PS3_Start)
.\CortexM3\ARM_GCC_541\Debug\Design01.a(ISR_PS3.o)
                              .\CortexM3\ARM_GCC_541\Debug\PS3_Controller.o (ISR_PS3_Enable)
.\CortexM3\ARM_GCC_541\Debug\Design01.a(UART_1.o)
                              .\CortexM3\ARM_GCC_541\Debug\main.o (UART_1_Start)
.\CortexM3\ARM_GCC_541\Debug\Design01.a(UART_1_INT.o)
                              .\CortexM3\ARM_GCC_541\Debug\Design01.a(UART_1.o) (UART_1_TXISR)
.\CortexM3\ARM_GCC_541\Debug\Design01.a(UART_PS3_IntClock.o)
                              .\CortexM3\ARM_GCC_541\Debug\Design01.a(UART_PS3.o) (UART_PS3_IntClock_Start)
.\CortexM3\ARM_GCC_541\Debug\Design01.a(UART_1_IntClock.o)
                              .\CortexM3\ARM_GCC_541\Debug\Design01.a(UART_1.o) (UART_1_IntClock_Start)
.\CortexM3\ARM_GCC_541\Debug\Design01.a(reverse_1.o)
                              .\CortexM3\ARM_GCC_541\Debug\main.o (reverse_1_Write)
.\CortexM3\ARM_GCC_541\Debug\Design01.a(reverse_2.o)
                              .\CortexM3\ARM_GCC_541\Debug\main.o (reverse_2_Write)
.\CortexM3\ARM_GCC_541\Debug\Design01.a(reverse_3.o)
                              .\CortexM3\ARM_GCC_541\Debug\main.o (reverse_3_Write)
.\CortexM3\ARM_GCC_541\Debug\Design01.a(CyBootAsmGnu.o)
                              .\CortexM3\ARM_GCC_541\Debug\cyfitter_cfg.o (CyDelayCycles)
.\CortexM3\ARM_GCC_541\Debug\Design01.a(CyFlash.o)
                              .\CortexM3\ARM_GCC_541\Debug\Design01.a(cyPm.o) (CyFlash_SetWaitCycles)
.\CortexM3\ARM_GCC_541\Debug\Design01.a(CySpc.o)
                              .\CortexM3\ARM_GCC_541\Debug\Design01.a(CyFlash.o) (CySpcStart)
c:/program files (x86)/cypress/psoc creator/4.1/psoc creator/import/gnu/arm/5.4.1/bin/../lib/gcc/arm-none-eabi/5.4.1/../../../../arm-none-eabi/lib/armv7-m\libm.a(lib_a-w_sqrt.o)
                              .\CortexM3\ARM_GCC_541\Debug\main.o (sqrt)
c:/program files (x86)/cypress/psoc creator/4.1/psoc creator/import/gnu/arm/5.4.1/bin/../lib/gcc/arm-none-eabi/5.4.1/../../../../arm-none-eabi/lib/armv7-m\libm.a(lib_a-e_sqrt.o)
                              c:/program files (x86)/cypress/psoc creator/4.1/psoc creator/import/gnu/arm/5.4.1/bin/../lib/gcc/arm-none-eabi/5.4.1/../../../../arm-none-eabi/lib/armv7-m\libm.a(lib_a-w_sqrt.o) (__ieee754_sqrt)
c:/program files (x86)/cypress/psoc creator/4.1/psoc creator/import/gnu/arm/5.4.1/bin/../lib/gcc/arm-none-eabi/5.4.1/../../../../arm-none-eabi/lib/armv7-m\libm.a(lib_a-s_lib_ver.o)
                              c:/program files (x86)/cypress/psoc creator/4.1/psoc creator/import/gnu/arm/5.4.1/bin/../lib/gcc/arm-none-eabi/5.4.1/../../../../arm-none-eabi/lib/armv7-m\libm.a(lib_a-w_sqrt.o) (__fdlib_version)
c:/program files (x86)/cypress/psoc creator/4.1/psoc creator/import/gnu/arm/5.4.1/bin/../lib/gcc/arm-none-eabi/5.4.1/../../../../arm-none-eabi/lib/armv7-m\libm.a(lib_a-s_matherr.o)
                              c:/program files (x86)/cypress/psoc creator/4.1/psoc creator/import/gnu/arm/5.4.1/bin/../lib/gcc/arm-none-eabi/5.4.1/../../../../arm-none-eabi/lib/armv7-m\libm.a(lib_a-w_sqrt.o) (matherr)
c:/program files (x86)/cypress/psoc creator/4.1/psoc creator/import/gnu/arm/5.4.1/bin/../lib/gcc/arm-none-eabi/5.4.1/armv7-m\libgcc.a(_arm_addsubdf3.o)
                              c:/program files (x86)/cypress/psoc creator/4.1/psoc creator/import/gnu/arm/5.4.1/bin/../lib/gcc/arm-none-eabi/5.4.1/../../../../arm-none-eabi/lib/armv7-m\libm.a(lib_a-e_sqrt.o) (__aeabi_dsub)
c:/program files (x86)/cypress/psoc creator/4.1/psoc creator/import/gnu/arm/5.4.1/bin/../lib/gcc/arm-none-eabi/5.4.1/armv7-m\libgcc.a(_arm_muldivdf3.o)
                              .\CortexM3\ARM_GCC_541\Debug\main.o (__aeabi_dmul)
c:/program files (x86)/cypress/psoc creator/4.1/psoc creator/import/gnu/arm/5.4.1/bin/../lib/gcc/arm-none-eabi/5.4.1/armv7-m\libgcc.a(_arm_cmpdf2.o)
                              c:/program files (x86)/cypress/psoc creator/4.1/psoc creator/import/gnu/arm/5.4.1/bin/../lib/gcc/arm-none-eabi/5.4.1/../../../../arm-none-eabi/lib/armv7-m\libm.a(lib_a-w_sqrt.o) (__aeabi_dcmplt)
[...]
Memory Configuration

Name             Origin             Length             Attributes
rom              0x00000000         0x00040000         xr
ram              0x1fff8000         0x00010000         xrw
*default*        0x00000000         0xffffffff

Linker script and memory map

LOAD c:/program files (x86)/cypress/psoc creator/4.1/psoc creator/import/gnu/arm/5.4.1/bin/../lib/gcc/arm-none-eabi/5.4.1/armv7-m/crti.o
LOAD c:/program files (x86)/cypress/psoc creator/4.1/psoc creator/import/gnu/arm/5.4.1/bin/../lib/gcc/arm-none-eabi/5.4.1/armv7-m/crtbegin.o
LOAD c:/program files (x86)/cypress/psoc creator/4.1/psoc creator/import/gnu/arm/5.4.1/bin/../lib/gcc/arm-none-eabi/5.4.1/../../../../arm-none-eabi/lib/armv7-m/crt0.o
START GROUP
LOAD .\CortexM3\ARM_GCC_541\Debug\main.o
LOAD .\CortexM3\ARM_GCC_541\Debug\matrix.o
LOAD .\CortexM3\ARM_GCC_541\Debug\PS3_Controller.o
LOAD .\CortexM3\ARM_GCC_541\Debug\cyfitter_cfg.o
LOAD .\CortexM3\ARM_GCC_541\Debug\cymetadata.o
LOAD .\CortexM3\ARM_GCC_541\Debug\Cm3Start.o
LOAD .\CortexM3\ARM_GCC_541\Debug\Design01.a
LOAD C:\Program Files (x86)\Cypress\PSoC Creator\4.1\PSoC Creator\psoc\content\cycomponentlibrary\CyComponentLibrary.cylib\CortexM3\ARM_GCC_541\Debug\CyComponentLibrary.a
LOAD c:/program files (x86)/cypress/psoc creator/4.1/psoc creator/import/gnu/arm/5.4.1/bin/../lib/gcc/arm-none-eabi/5.4.1/../../../../arm-none-eabi/lib/armv7-m\libm.a
END GROUP
START GROUP
LOAD c:/program files (x86)/cypress/psoc creator/4.1/psoc creator/import/gnu/arm/5.4.1/bin/../lib/gcc/arm-none-eabi/5.4.1/armv7-m\libgcc.a
LOAD c:/program files (x86)/cypress/psoc creator/4.1/psoc creator/import/gnu/arm/5.4.1/bin/../lib/gcc/arm-none-eabi/5.4.1/../../../../arm-none-eabi/lib/armv7-m\libg_nano.a
LOAD c:/program files (x86)/cypress/psoc creator/4.1/psoc creator/import/gnu/arm/5.4.1/bin/../lib/gcc/arm-none-eabi/5.4.1/../../../../arm-none-eabi/lib/armv7-m\libc_nano.a
END GROUP
START GROUP
LOAD c:/program files (x86)/cypress/psoc creator/4.1/psoc creator/import/gnu/arm/5.4.1/bin/../lib/gcc/arm-none-eabi/5.4.1/armv7-m\libgcc.a
LOAD c:/program files (x86)/cypress/psoc creator/4.1/psoc creator/import/gnu/arm/5.4.1/bin/../lib/gcc/arm-none-eabi/5.4.1/../../../../arm-none-eabi/lib/armv7-m\libc_nano.a
END GROUP
LOAD c:/program files (x86)/cypress/psoc creator/4.1/psoc creator/import/gnu/arm/5.4.1/bin/../lib/gcc/arm-none-eabi/5.4.1/armv7-m/crtend.o
LOAD c:/program files (x86)/cypress/psoc creator/4.1/psoc creator/import/gnu/arm/5.4.1/bin/../lib/gcc/arm-none-eabi/5.4.1/armv7-m/crtn.o
START GROUP
LOAD c:/program files (x86)/cypress/psoc creator/4.1/psoc creator/import/gnu/arm/5.4.1/bin/../lib/gcc/arm-none-eabi/5.4.1/armv7-m\libgcc.a
LOAD c:/program files (x86)/cypress/psoc creator/4.1/psoc creator/import/gnu/arm/5.4.1/bin/../lib/gcc/arm-none-eabi/5.4.1/../../../../arm-none-eabi/lib/armv7-m\libc.a
LOAD c:/program files (x86)/cypress/psoc creator/4.1/psoc creator/import/gnu/arm/5.4.1/bin/../lib/gcc/arm-none-eabi/5.4.1/../../../../arm-none-eabi/lib/armv7-m\libnosys.a
END GROUP
                0x00000000                CY_APPL_ORIGIN = 0x0
                0x00000100                CY_FLASH_ROW_SIZE = 0x100
                0x00000020                CY_ECC_ROW_SIZE = 0x20
                0x00000000                CY_EE_IN_BTLDR = 0x0
                0x00000000                CY_APPL_LOADABLE = 0x0
                0x00000800                CY_EE_SIZE = 0x800
                0x00000001                CY_APPL_NUM = 0x1
                0x00000001                CY_APPL_MAX = 0x1
                0x00000040                CY_METADATA_SIZE = 0x40
                0x00000000                CY_APPL_LOADABLE = 0x0
                0x00000000                CY_CHECKSUM_EXCLUDE_SIZE = ALIGN (0x0, CY_FLASH_ROW_SIZE)
                [!provide]                PROVIDE (__cy_heap_start, _end)
                0x00000001                PROVIDE (__cy_region_num, ((__cy_regions_end - __cy_regions) / 0x10))
                0x20008000                PROVIDE (__cy_stack, (ORIGIN (ram) + LENGTH (ram)))
                [!provide]                PROVIDE (__cy_heap_end, (__cy_stack - 0x800))

.cybootloader   0x00000000        0x0
 *(.cybootloader)
                0x00000000                appl1_start = CY_APPL_ORIGIN?CY_APPL_ORIGIN:ALIGN (CY_FLASH_ROW_SIZE)
                0x0001ff00                appl2_start = (appl1_start + ALIGN ((((LENGTH (rom) - appl1_start) - (0x2 * CY_FLASH_ROW_SIZE)) / 0x2), CY_FLASH_ROW_SIZE))
                0x00000000                appl_start = (CY_APPL_NUM == 0x1)?appl1_start:appl2_start
                0x00000000                ecc_offset = ((appl_start / CY_FLASH_ROW_SIZE) * CY_ECC_ROW_SIZE)
                0x00000000                ee_offset = (CY_APPL_LOADABLE && ! (CY_EE_IN_BTLDR))?((CY_EE_SIZE / CY_APPL_MAX) * (CY_APPL_NUM - 0x1)):0x0
                0x00000800                ee_size = (CY_APPL_LOADABLE && ! (CY_EE_IN_BTLDR))?(CY_EE_SIZE / CY_APPL_MAX):CY_EE_SIZE
                [!provide]                PROVIDE (CY_ECC_OFFSET, ecc_offset)

.text           0x00000000     0x3e6e
 CREATE_OBJECT_SYMBOLS
                0x00000000                PROVIDE (__cy_interrupt_vector, RomVectors)
 *(.romvectors)
 .romvectors    0x00000000       0x10 .\CortexM3\ARM_GCC_541\Debug\Cm3Start.o
                0x00000000                RomVectors
                0x00000001                ASSERT ((. != __cy_interrupt_vector), No interrupt vector)
                0x00000001                ASSERT (CY_APPL_ORIGIN?(SIZEOF (.cybootloader) <= CY_APPL_ORIGIN):0x1, Wrong image location)
                0x00000010                PROVIDE (__cy_reset, Reset)
 *(.text.Reset)
 .text.Reset    0x00000010       0x18 .\CortexM3\ARM_GCC_541\Debug\Cm3Start.o
                0x00000010                Reset
                0x00000001                ASSERT ((. != __cy_reset), No reset code)
 *(.dma_init)
                0x00000001                ASSERT ((((appl_start + .) <= 0x10000) || 0x1), DMA Init must be within the first 64k of flash)
 *(.text .text.* .gnu.linkonce.t.*)
 .text          0x00000028       0x5c c:/program files (x86)/cypress/psoc creator/4.1/psoc creator/import/gnu/arm/5.4.1/bin/../lib/gcc/arm-none-eabi/5.4.1/armv7-m/crtbegin.o
 *fill*         0x00000084        0x4 
 .text.main     0x00000088      0x138 .\CortexM3\ARM_GCC_541\Debug\main.o
                0x00000088                main
 .text.matrix   0x000001c0      0x140 .\CortexM3\ARM_GCC_541\Debug\matrix.o
                0x000001c0                matrix
 .text.ISR_PS3  0x00000300      0x170 .\CortexM3\ARM_GCC_541\Debug\PS3_Controller.o
                0x00000300                ISR_PS3
 .text.PS3_Start
                0x00000470       0x1c .\CortexM3\ARM_GCC_541\Debug\PS3_Controller.o
                0x00000470                PS3_Start
 .text.PS3_Controller_get
                0x0000048c       0x10 .\CortexM3\ARM_GCC_541\Debug\PS3_Controller.o
                0x0000048c                PS3_Controller_get
 .text.CyClockStartupError
                0x0000049c        0x4 .\CortexM3\ARM_GCC_541\Debug\cyfitter_cfg.o
 .text.cfg_write_bytes32
                0x000004a0       0x34 .\CortexM3\ARM_GCC_541\Debug\cyfitter_cfg.o
 .text.AnalogSetDefault
                0x000004d4       0x28 .\CortexM3\ARM_GCC_541\Debug\cyfitter_cfg.o
 .text.CYMEMZERO
                0x000004fc        0xc .\CortexM3\ARM_GCC_541\Debug\cyfitter_cfg.o
 .text.ClockSetup
                0x00000508      0x100 .\CortexM3\ARM_GCC_541\Debug\cyfitter_cfg.o
 .text.CYCONFIGCPY
                0x00000608        0x8 .\CortexM3\ARM_GCC_541\Debug\cyfitter_cfg.o
 .text.cyfitter_cfg
                0x00000610      0x114 .\CortexM3\ARM_GCC_541\Debug\cyfitter_cfg.o
                0x00000610                cyfitter_cfg
 .text.IntDefaultHandler
                0x00000724       0x10 .\CortexM3\ARM_GCC_541\Debug\Cm3Start.o
                0x00000724                IntDefaultHandler
 .text._sbrk    0x00000734       0x30 .\CortexM3\ARM_GCC_541\Debug\Cm3Start.o
                0x00000734                _sbrk
 .text.Start_c  0x00000764       0x4c .\CortexM3\ARM_GCC_541\Debug\Cm3Start.o
                0x00000764                Start_c
 .text.initialize_psoc
                0x000007b0       0x68 .\CortexM3\ARM_GCC_541\Debug\Cm3Start.o
                0x000007b0                initialize_psoc
 .text.CyHalt   0x00000818        0x4 .\CortexM3\ARM_GCC_541\Debug\Design01.a(CyLib.o)
                0x00000818                CyHalt
 .text.CyIntSetVector
                0x0000081c       0x28 .\CortexM3\ARM_GCC_541\Debug\Design01.a(CyLib.o)
                0x0000081c                CyIntSetVector
 .text.CyIntSetPriority
                0x00000844       0x30 .\CortexM3\ARM_GCC_541\Debug\Design01.a(CyLib.o)
                0x00000844                CyIntSetPriority
 .text.motor1_Enable
                0x00000874       0x10 .\CortexM3\ARM_GCC_541\Debug\Design01.a(motor1.o)
                0x00000874                motor1_Enable
 .text.motor1_WriteCounter
                0x00000884        0xc .\CortexM3\ARM_GCC_541\Debug\Design01.a(motor1.o)
                0x00000884                motor1_WriteCounter
 .text.motor1_WritePeriod
                0x00000890        0xc .\CortexM3\ARM_GCC_541\Debug\Design01.a(motor1.o)
                0x00000890                motor1_WritePeriod
 .text.motor1_WriteCompare
                0x0000089c        0xc .\CortexM3\ARM_GCC_541\Debug\Design01.a(motor1.o)
                0x0000089c                motor1_WriteCompare
 .text.motor1_WriteDeadTime
                0x000008a8        0xc .\CortexM3\ARM_GCC_541\Debug\Design01.a(motor1.o)
                0x000008a8                motor1_WriteDeadTime
 .text.motor1_SetInterruptMode
                0x000008b4        0xc .\CortexM3\ARM_GCC_541\Debug\Design01.a(motor1.o)
                0x000008b4                motor1_SetInterruptMode
 .text.motor1_ReadStatusRegister
                0x000008c0        0xc .\CortexM3\ARM_GCC_541\Debug\Design01.a(motor1.o)
                0x000008c0                motor1_ReadStatusRegister
 .text.motor1_ReadCapture
                0x000008cc        0xc .\CortexM3\ARM_GCC_541\Debug\Design01.a(motor1.o)
                0x000008cc                motor1_ReadCapture
 .text.motor1_ClearFIFO
                0x000008d8       0x14 .\CortexM3\ARM_GCC_541\Debug\Design01.a(motor1.o)
                0x000008d8                motor1_ClearFIFO
 .text.motor1_Init
                0x000008ec       0x58 .\CortexM3\ARM_GCC_541\Debug\Design01.a(motor1.o)
                0x000008ec                motor1_Init
 .text.motor1_Start
                0x00000944       0x1c .\CortexM3\ARM_GCC_541\Debug\Design01.a(motor1.o)
                0x00000944                motor1_Start
 .text.motor2_Enable
                0x00000960       0x10 .\CortexM3\ARM_GCC_541\Debug\Design01.a(motor2.o)
                0x00000960                motor2_Enable
 .text.motor2_WriteCounter
                0x00000970        0xc .\CortexM3\ARM_GCC_541\Debug\Design01.a(motor2.o)
                0x00000970                motor2_WriteCounter
 .text.motor2_WritePeriod
                0x0000097c        0xc .\CortexM3\ARM_GCC_541\Debug\Design01.a(motor2.o)
                0x0000097c                motor2_WritePeriod
 .text.motor2_WriteCompare
                0x00000988        0xc .\CortexM3\ARM_GCC_541\Debug\Design01.a(motor2.o)
                0x00000988                motor2_WriteCompare
 .text.motor2_WriteDeadTime
                0x00000994        0xc .\CortexM3\ARM_GCC_541\Debug\Design01.a(motor2.o)
                0x00000994                motor2_WriteDeadTime
 .text.motor2_SetInterruptMode
                0x000009a0        0xc .\CortexM3\ARM_GCC_541\Debug\Design01.a(motor2.o)
                0x000009a0                motor2_SetInterruptMode
 .text.motor2_ReadStatusRegister
                0x000009ac        0xc .\CortexM3\ARM_GCC_541\Debug\Design01.a(motor2.o)
                0x000009ac                motor2_ReadStatusRegister
 .text.motor2_ReadCapture
                0x000009b8        0xc .\CortexM3\ARM_GCC_541\Debug\Design01.a(motor2.o)
                0x000009b8                motor2_ReadCapture
 .text.motor2_ClearFIFO
                0x000009c4       0x14 .\CortexM3\ARM_GCC_541\Debug\Design01.a(motor2.o)
                0x000009c4                motor2_ClearFIFO
 .text.motor2_Init
                0x000009d8       0x58 .\CortexM3\ARM_GCC_541\Debug\Design01.a(motor2.o)
                0x000009d8                motor2_Init
 .text.motor2_Start
                0x00000a30       0x1c .\CortexM3\ARM_GCC_541\Debug\Design01.a(motor2.o)
                0x00000a30                motor2_Start
 .text.motor3_Enable
                0x00000a4c       0x10 .\CortexM3\ARM_GCC_541\Debug\Design01.a(motor3.o)
                0x00000a4c                motor3_Enable
 .text.motor3_WriteCounter
                0x00000a5c        0xc .\CortexM3\ARM_GCC_541\Debug\Design01.a(motor3.o)
                0x00000a5c                motor3_WriteCounter
 .text.motor3_WritePeriod
                0x00000a68        0xc .\CortexM3\ARM_GCC_541\Debug\Design01.a(motor3.o)
                0x00000a68                motor3_WritePeriod
 .text.motor3_WriteCompare
                0x00000a74        0xc .\CortexM3\ARM_GCC_541\Debug\Design01.a(motor3.o)
                0x00000a74                motor3_WriteCompare
 .text.motor3_WriteDeadTime
                0x00000a80        0xc .\CortexM3\ARM_GCC_541\Debug\Design01.a(motor3.o)
                0x00000a80                motor3_WriteDeadTime
 .text.motor3_SetInterruptMode
                0x00000a8c        0xc .\CortexM3\ARM_GCC_541\Debug\Design01.a(motor3.o)
                0x00000a8c                motor3_SetInterruptMode
 .text.motor3_ReadStatusRegister
                0x00000a98        0xc .\CortexM3\ARM_GCC_541\Debug\Design01.a(motor3.o)
                0x00000a98                motor3_ReadStatusRegister
 .text.motor3_ReadCapture
                0x00000aa4        0xc .\CortexM3\ARM_GCC_541\Debug\Design01.a(motor3.o)
                0x00000aa4                motor3_ReadCapture
 .text.motor3_ClearFIFO
                0x00000ab0       0x14 .\CortexM3\ARM_GCC_541\Debug\Design01.a(motor3.o)
                0x00000ab0                motor3_ClearFIFO
 .text.motor3_Init
                0x00000ac4       0x5c .\CortexM3\ARM_GCC_541\Debug\Design01.a(motor3.o)
                0x00000ac4                motor3_Init
 .text.motor3_Start
                0x00000b20       0x1c .\CortexM3\ARM_GCC_541\Debug\Design01.a(motor3.o)
                0x00000b20                motor3_Start
 .text.UART_PS3_Init
                0x00000b3c       0x14 .\CortexM3\ARM_GCC_541\Debug\Design01.a(UART_PS3.o)
                0x00000b3c                UART_PS3_Init
 .text.UART_PS3_Enable
                0x00000b50       0x2c .\CortexM3\ARM_GCC_541\Debug\Design01.a(UART_PS3.o)
                0x00000b50                UART_PS3_Enable
 .text.UART_PS3_Start
                0x00000b7c       0x1c .\CortexM3\ARM_GCC_541\Debug\Design01.a(UART_PS3.o)
                0x00000b7c                UART_PS3_Start
 .text.UART_PS3_ReadRxData
                0x00000b98        0xc .\CortexM3\ARM_GCC_541\Debug\Design01.a(UART_PS3.o)
                0x00000b98                UART_PS3_ReadRxData
 .text.UART_PS3_ReadRxStatus
                0x00000ba4       0x10 .\CortexM3\ARM_GCC_541\Debug\Design01.a(UART_PS3.o)
                0x00000ba4                UART_PS3_ReadRxStatus
 .text.UART_PS3_GetByte
                0x00000bb4       0x14 .\CortexM3\ARM_GCC_541\Debug\Design01.a(UART_PS3.o)
                0x00000bb4                UART_PS3_GetByte
 .text.UART_PS3_ClearRxBuffer
                0x00000bc8       0x24 .\CortexM3\ARM_GCC_541\Debug\Design01.a(UART_PS3.o)
                0x00000bc8                UART_PS3_ClearRxBuffer
 .text.ISR_PS3_SetVector
                0x00000bec        0xc .\CortexM3\ARM_GCC_541\Debug\Design01.a(ISR_PS3.o)
                0x00000bec                ISR_PS3_SetVector
 .text.ISR_PS3_SetPriority
                0x00000bf8       0x10 .\CortexM3\ARM_GCC_541\Debug\Design01.a(ISR_PS3.o)
                0x00000bf8                ISR_PS3_SetPriority
 .text.ISR_PS3_Enable
                0x00000c08        0xc .\CortexM3\ARM_GCC_541\Debug\Design01.a(ISR_PS3.o)
                0x00000c08                ISR_PS3_Enable
 .text.ISR_PS3_Disable
                0x00000c14        0xc .\CortexM3\ARM_GCC_541\Debug\Design01.a(ISR_PS3.o)
                0x00000c14                ISR_PS3_Disable
 .text.ISR_PS3_StartEx
                0x00000c20       0x1c .\CortexM3\ARM_GCC_541\Debug\Design01.a(ISR_PS3.o)
                0x00000c20                ISR_PS3_StartEx
 .text.UART_1_Init
                0x00000c3c       0x30 .\CortexM3\ARM_GCC_541\Debug\Design01.a(UART_1.o)
                0x00000c3c                UART_1_Init
 .text.UART_1_Enable
                0x00000c6c       0x34 .\CortexM3\ARM_GCC_541\Debug\Design01.a(UART_1.o)
                0x00000c6c                UART_1_Enable
 .text.UART_1_Start
                0x00000ca0       0x1c .\CortexM3\ARM_GCC_541\Debug\Design01.a(UART_1.o)
                0x00000ca0                UART_1_Start
 .text.UART_1_PutChar
                0x00000cbc       0x7c .\CortexM3\ARM_GCC_541\Debug\Design01.a(UART_1.o)
                0x00000cbc                UART_1_PutChar
 .text.UART_1_PutString
                0x00000d38       0x24 .\CortexM3\ARM_GCC_541\Debug\Design01.a(UART_1.o)
                0x00000d38                UART_1_PutString
 .text.UART_1_TXISR
                0x00000d5c       0x5c .\CortexM3\ARM_GCC_541\Debug\Design01.a(UART_1_INT.o)
                0x00000d5c                UART_1_TXISR
 .text.UART_PS3_IntClock_Start
                0x00000db8       0x1c .\CortexM3\ARM_GCC_541\Debug\Design01.a(UART_PS3_IntClock.o)
                0x00000db8                UART_PS3_IntClock_Start
 .text.UART_1_IntClock_Start
                0x00000dd4       0x1c .\CortexM3\ARM_GCC_541\Debug\Design01.a(UART_1_IntClock.o)
                0x00000dd4                UART_1_IntClock_Start
 .text.reverse_1_Write
                0x00000df0        0xc .\CortexM3\ARM_GCC_541\Debug\Design01.a(reverse_1.o)
                0x00000df0                reverse_1_Write
 .text.reverse_2_Write
                0x00000dfc        0xc .\CortexM3\ARM_GCC_541\Debug\Design01.a(reverse_2.o)
                0x00000dfc                reverse_2_Write
 .text.reverse_3_Write
                0x00000e08        0xc .\CortexM3\ARM_GCC_541\Debug\Design01.a(reverse_3.o)
                0x00000e08                reverse_3_Write
 *fill*         0x00000e14        0x4 
 .text          0x00000e18       0x20 .\CortexM3\ARM_GCC_541\Debug\Design01.a(CyBootAsmGnu.o)
                0x00000e18                CyDelayCycles
                0x00000e28                CyEnterCriticalSection
                0x00000e30                CyExitCriticalSection
 .text.sqrt     0x00000e38       0xb8 c:/program files (x86)/cypress/psoc creator/4.1/psoc creator/import/gnu/arm/5.4.1/bin/../lib/gcc/arm-none-eabi/5.4.1/../../../../arm-none-eabi/lib/armv7-m\libm.a(lib_a-w_sqrt.o)
                0x00000e38                sqrt
 .text.__ieee754_sqrt
                0x00000ef0      0x188 c:/program files (x86)/cypress/psoc creator/4.1/psoc creator/import/gnu/arm/5.4.1/bin/../lib/gcc/arm-none-eabi/5.4.1/../../../../arm-none-eabi/lib/armv7-m\libm.a(lib_a-e_sqrt.o)
                0x00000ef0                __ieee754_sqrt
 .text.matherr  0x00001078        0x4 c:/program files (x86)/cypress/psoc creator/4.1/psoc creator/import/gnu/arm/5.4.1/bin/../lib/gcc/arm-none-eabi/5.4.1/../../../../arm-none-eabi/lib/armv7-m\libm.a(lib_a-s_matherr.o)
                0x00001078                matherr
 .text          0x0000107c      0x370 c:/program files (x86)/cypress/psoc creator/4.1/psoc creator/import/gnu/arm/5.4.1/bin/../lib/gcc/arm-none-eabi/5.4.1/armv7-m\libgcc.a(_arm_addsubdf3.o)
                0x0000107c                __aeabi_drsub
                0x00001084                __aeabi_dsub
                0x00001084                __subdf3
                0x00001088                __aeabi_dadd
                0x00001088                __adddf3
                0x00001300                __floatunsidf
                0x00001300                __aeabi_ui2d
                0x00001320                __floatsidf
                0x00001320                __aeabi_i2d
                0x00001344                __aeabi_f2d
                0x00001344                __extendsfdf2
                0x00001380                __floatundidf
                0x00001380                __aeabi_ul2d
                0x00001390                __floatdidf
                0x00001390                __aeabi_l2d
 .text          0x000013ec      0x424 c:/program files (x86)/cypress/psoc creator/4.1/psoc creator/import/gnu/arm/5.4.1/bin/../lib/gcc/arm-none-eabi/5.4.1/armv7-m\libgcc.a(_arm_muldivdf3.o)
                0x000013ec                __aeabi_dmul
                0x000013ec                __muldf3
                0x00001640                __divdf3
                0x00001640                __aeabi_ddiv
 .text          0x00001810      0x110 c:/program files (x86)/cypress/psoc creator/4.1/psoc creator/import/gnu/arm/5.4.1/bin/../lib/gcc/arm-none-eabi/5.4.1/armv7-m\libgcc.a(_arm_cmpdf2.o)
                0x00001810                __gtdf2
                0x00001810                __gedf2
                0x00001818                __ltdf2
                0x00001818                __ledf2
                0x00001820                __nedf2
                0x00001820                __eqdf2
                0x00001820                __cmpdf2
                0x0000189c                __aeabi_cdrcmple
                0x000018ac                __aeabi_cdcmpeq
                0x000018ac                __aeabi_cdcmple
                0x000018bc                __aeabi_dcmpeq
                0x000018d0                __aeabi_dcmplt
                0x000018e4                __aeabi_dcmple
                0x000018f8                __aeabi_dcmpge
                0x0000190c                __aeabi_dcmpgt
 .text          0x00001920       0x2c c:/program files (x86)/cypress/psoc creator/4.1/psoc creator/import/gnu/arm/5.4.1/bin/../lib/gcc/arm-none-eabi/5.4.1/armv7-m\libgcc.a(_arm_unorddf2.o)
                0x00001920                __unorddf2
                0x00001920                __aeabi_dcmpun
 .text          0x0000194c       0x50 c:/program files (x86)/cypress/psoc creator/4.1/psoc creator/import/gnu/arm/5.4.1/bin/../lib/gcc/arm-none-eabi/5.4.1/armv7-m\libgcc.a(_arm_fixdfsi.o)
                0x0000194c                __aeabi_d2iz
                0x0000194c                __fixdfsi
 .text          0x0000199c       0x40 c:/program files (x86)/cypress/psoc creator/4.1/psoc creator/import/gnu/arm/5.4.1/bin/../lib/gcc/arm-none-eabi/5.4.1/armv7-m\libgcc.a(_arm_fixunsdfsi.o)
                0x0000199c                __aeabi_d2uiz
                0x0000199c                __fixunsdfsi
 .text          0x000019dc       0xa0 c:/program files (x86)/cypress/psoc creator/4.1/psoc creator/import/gnu/arm/5.4.1/bin/../lib/gcc/arm-none-eabi/5.4.1/armv7-m\libgcc.a(_arm_truncdfsf2.o)
                0x000019dc                __truncdfsf2
                0x000019dc                __aeabi_d2f
 .text          0x00001a7c      0x21c c:/program files (x86)/cypress/psoc creator/4.1/psoc creator/import/gnu/arm/5.4.1/bin/../lib/gcc/arm-none-eabi/5.4.1/armv7-m\libgcc.a(_arm_addsubsf3.o)
                0x00001a7c                __aeabi_frsub
                0x00001a84                __subsf3
                0x00001a84                __aeabi_fsub
                0x00001a88                __aeabi_fadd
                0x00001a88                __addsf3
                0x00001be8                __aeabi_ui2f
                0x00001be8                __floatunsisf
                0x00001bf0                __aeabi_i2f
                0x00001bf0                __floatsisf
                0x00001c0c                __aeabi_ul2f
                0x00001c0c                __floatundisf
                0x00001c1c                __aeabi_l2f
                0x00001c1c                __floatdisf
 .text          0x00001c98       0xec c:/program files (x86)/cypress/psoc creator/4.1/psoc creator/import/gnu/arm/5.4.1/bin/../lib/gcc/arm-none-eabi/5.4.1/armv7-m\libgcc.a(_arm_cmpsf2.o)
                0x00001c98                __gesf2
                0x00001c98                __gtsf2
                0x00001ca0                __lesf2
                0x00001ca0                __ltsf2
                0x00001ca8                __nesf2
                0x00001ca8                __eqsf2
                0x00001ca8                __cmpsf2
                0x00001d08                __aeabi_cfrcmple
                0x00001d10                __aeabi_cfcmpeq
                0x00001d10                __aeabi_cfcmple
                0x00001d20                __aeabi_fcmpeq
                0x00001d34                __aeabi_fcmplt
                0x00001d48                __aeabi_fcmple
                0x00001d5c                __aeabi_fcmpge
                0x00001d70                __aeabi_fcmpgt
 .text          0x00001d84       0x40 c:/program files (x86)/cypress/psoc creator/4.1/psoc creator/import/gnu/arm/5.4.1/bin/../lib/gcc/arm-none-eabi/5.4.1/armv7-m\libgcc.a(_arm_fixunssfsi.o)
                0x00001d84                __fixunssfsi
                0x00001d84                __aeabi_f2uiz
 .text.__errno  0x00001dc4        0xc c:/program files (x86)/cypress/psoc creator/4.1/psoc creator/import/gnu/arm/5.4.1/bin/../lib/gcc/arm-none-eabi/5.4.1/../../../../arm-none-eabi/lib/armv7-m\libg_nano.a(lib_a-errno.o)
                0x00001dc4                __errno
 .text.__libc_init_array
                0x00001dd0       0x4c c:/program files (x86)/cypress/psoc creator/4.1/psoc creator/import/gnu/arm/5.4.1/bin/../lib/gcc/arm-none-eabi/5.4.1/../../../../arm-none-eabi/lib/armv7-m\libg_nano.a(lib_a-init.o)
                0x00001dd0                __libc_init_array
 .text.memcpy   0x00001e1c       0x16 c:/program files (x86)/cypress/psoc creator/4.1/psoc creator/import/gnu/arm/5.4.1/bin/../lib/gcc/arm-none-eabi/5.4.1/../../../../arm-none-eabi/lib/armv7-m\libg_nano.a(lib_a-memcpy-stub.o)
                0x00001e1c                memcpy
 .text.memset   0x00001e32       0x10 c:/program files (x86)/cypress/psoc creator/4.1/psoc creator/import/gnu/arm/5.4.1/bin/../lib/gcc/arm-none-eabi/5.4.1/../../../../arm-none-eabi/lib/armv7-m\libg_nano.a(lib_a-memset.o)
                0x00001e32                memset
 .text.__cvt    0x00001e42       0xc0 c:/program files (x86)/cypress/psoc creator/4.1/psoc creator/import/gnu/arm/5.4.1/bin/../lib/gcc/arm-none-eabi/5.4.1/../../../../arm-none-eabi/lib/armv7-m\libg_nano.a(lib_a-nano-vfprintf_float.o)
                0x00001e42                __cvt
 .text.__exponent
                0x00001f02       0x62 c:/program files (x86)/cypress/psoc creator/4.1/psoc creator/import/gnu/arm/5.4.1/bin/../lib/gcc/arm-none-eabi/5.4.1/../../../../arm-none-eabi/lib/armv7-m\libg_nano.a(lib_a-nano-vfprintf_float.o)
                0x00001f02                __exponent
 .text._printf_float
                0x00001f64      0x488 c:/program files (x86)/cypress/psoc creator/4.1/psoc creator/import/gnu/arm/5.4.1/bin/../lib/gcc/arm-none-eabi/5.4.1/../../../../arm-none-eabi/lib/armv7-m\libg_nano.a(lib_a-nano-vfprintf_float.o)
                0x00001f64                _printf_float
 .text._printf_common
                0x000023ec       0xec c:/program files (x86)/cypress/psoc creator/4.1/psoc creator/import/gnu/arm/5.4.1/bin/../lib/gcc/arm-none-eabi/5.4.1/../../../../arm-none-eabi/lib/armv7-m\libg_nano.a(lib_a-nano-vfprintf_i.o)
                0x000023ec                _printf_common
 .text._printf_i
                0x000024d8      0x24c c:/program files (x86)/cypress/psoc creator/4.1/psoc creator/import/gnu/arm/5.4.1/bin/../lib/gcc/arm-none-eabi/5.4.1/../../../../arm-none-eabi/lib/armv7-m\libg_nano.a(lib_a-nano-vfprintf_i.o)
                0x000024d8                _printf_i
 .text.sprintf  0x00002724       0x48 c:/program files (x86)/cypress/psoc creator/4.1/psoc creator/import/gnu/arm/5.4.1/bin/../lib/gcc/arm-none-eabi/5.4.1/../../../../arm-none-eabi/lib/armv7-m\libg_nano.a(lib_a-sprintf.o)
                0x00002724                siprintf
                0x00002724                sprintf
 .text          0x0000276c       0x10 c:/program files (x86)/cypress/psoc creator/4.1/psoc creator/import/gnu/arm/5.4.1/bin/../lib/gcc/arm-none-eabi/5.4.1/../../../../arm-none-eabi/lib/armv7-m\libg_nano.a(lib_a-strlen.o)
                0x0000276c                strlen
 .text.quorem   0x0000277c      0x116 c:/program files (x86)/cypress/psoc creator/4.1/psoc creator/import/gnu/arm/5.4.1/bin/../lib/gcc/arm-none-eabi/5.4.1/../../../../arm-none-eabi/lib/armv7-m\libg_nano.a(lib_a-dtoa.o)
 *fill*         0x00002892        0x6 
 .text._dtoa_r  0x00002898      0xb30 c:/program files (x86)/cypress/psoc creator/4.1/psoc creator/import/gnu/arm/5.4.1/bin/../lib/gcc/arm-none-eabi/5.4.1/../../../../arm-none-eabi/lib/armv7-m\libg_nano.a(lib_a-dtoa.o)
                0x00002898                _dtoa_r
 .text._localeconv_r
                0x000033c8        0x8 c:/program files (x86)/cypress/psoc creator/4.1/psoc creator/import/gnu/arm/5.4.1/bin/../lib/gcc/arm-none-eabi/5.4.1/../../../../arm-none-eabi/lib/armv7-m\libg_nano.a(lib_a-locale.o)
                0x000033c8                _localeconv_r
 .text.malloc   0x000033d0       0x10 c:/program files (x86)/cypress/psoc creator/4.1/psoc creator/import/gnu/arm/5.4.1/bin/../lib/gcc/arm-none-eabi/5.4.1/../../../../arm-none-eabi/lib/armv7-m\libg_nano.a(lib_a-malloc.o)
                0x000033d0                malloc
 .text.memchr   0x000033e0       0x1c c:/program files (x86)/cypress/psoc creator/4.1/psoc creator/import/gnu/arm/5.4.1/bin/../lib/gcc/arm-none-eabi/5.4.1/../../../../arm-none-eabi/lib/armv7-m\libg_nano.a(lib_a-memchr-stub.o)
                0x000033e0                memchr
 .text._Balloc  0x000033fc       0x6a c:/program files (x86)/cypress/psoc creator/4.1/psoc creator/import/gnu/arm/5.4.1/bin/../lib/gcc/arm-none-eabi/5.4.1/../../../../arm-none-eabi/lib/armv7-m\libg_nano.a(lib_a-mprec.o)
                0x000033fc                _Balloc
 .text._Bfree   0x00003466       0x2e c:/program files (x86)/cypress/psoc creator/4.1/psoc creator/import/gnu/arm/5.4.1/bin/../lib/gcc/arm-none-eabi/5.4.1/../../../../arm-none-eabi/lib/armv7-m\libg_nano.a(lib_a-mprec.o)
                0x00003466                _Bfree
 .text.__multadd
                0x00003494       0x76 c:/program files (x86)/cypress/psoc creator/4.1/psoc creator/import/gnu/arm/5.4.1/bin/../lib/gcc/arm-none-eabi/5.4.1/../../../../arm-none-eabi/lib/armv7-m\libg_nano.a(lib_a-mprec.o)
                0x00003494                __multadd
 .text.__hi0bits
                0x0000350a       0x40 c:/program files (x86)/cypress/psoc creator/4.1/psoc creator/import/gnu/arm/5.4.1/bin/../lib/gcc/arm-none-eabi/5.4.1/../../../../arm-none-eabi/lib/armv7-m\libg_nano.a(lib_a-mprec.o)
                0x0000350a                __hi0bits
 .text.__lo0bits
                0x0000354a       0x5a c:/program files (x86)/cypress/psoc creator/4.1/psoc creator/import/gnu/arm/5.4.1/bin/../lib/gcc/arm-none-eabi/5.4.1/../../../../arm-none-eabi/lib/armv7-m\libg_nano.a(lib_a-mprec.o)
                0x0000354a                __lo0bits
 .text.__i2b    0x000035a4       0x12 c:/program files (x86)/cypress/psoc creator/4.1/psoc creator/import/gnu/arm/5.4.1/bin/../lib/gcc/arm-none-eabi/5.4.1/../../../../arm-none-eabi/lib/armv7-m\libg_nano.a(lib_a-mprec.o)
                0x000035a4                __i2b
 .text.__multiply
                0x000035b6      0x120 c:/program files (x86)/cypress/psoc creator/4.1/psoc creator/import/gnu/arm/5.4.1/bin/../lib/gcc/arm-none-eabi/5.4.1/../../../../arm-none-eabi/lib/armv7-m\libg_nano.a(lib_a-mprec.o)
                0x000035b6                __multiply
 *fill*         0x000036d6        0x2 
 .text.__pow5mult
                0x000036d8       0x9c c:/program files (x86)/cypress/psoc creator/4.1/psoc creator/import/gnu/arm/5.4.1/bin/../lib/gcc/arm-none-eabi/5.4.1/../../../../arm-none-eabi/lib/armv7-m\libg_nano.a(lib_a-mprec.o)
                0x000036d8                __pow5mult
 .text.__lshift
                0x00003774       0xa2 c:/program files (x86)/cypress/psoc creator/4.1/psoc creator/import/gnu/arm/5.4.1/bin/../lib/gcc/arm-none-eabi/5.4.1/../../../../arm-none-eabi/lib/armv7-m\libg_nano.a(lib_a-mprec.o)
                0x00003774                __lshift
 .text.__mcmp   0x00003816       0x38 c:/program files (x86)/cypress/psoc creator/4.1/psoc creator/import/gnu/arm/5.4.1/bin/../lib/gcc/arm-none-eabi/5.4.1/../../../../arm-none-eabi/lib/armv7-m\libg_nano.a(lib_a-mprec.o)
                0x00003816                __mcmp
 .text.__mdiff  0x0000384e       0xbe c:/program files (x86)/cypress/psoc creator/4.1/psoc creator/import/gnu/arm/5.4.1/bin/../lib/gcc/arm-none-eabi/5.4.1/../../../../arm-none-eabi/lib/armv7-m\libg_nano.a(lib_a-mprec.o)
                0x0000384e                __mdiff
 .text.__d2b    0x0000390c       0x9c c:/program files (x86)/cypress/psoc creator/4.1/psoc creator/import/gnu/arm/5.4.1/bin/../lib/gcc/arm-none-eabi/5.4.1/../../../../arm-none-eabi/lib/armv7-m\libg_nano.a(lib_a-mprec.o)
                0x0000390c                __d2b
 .text._calloc_r
                0x000039a8       0x1c c:/program files (x86)/cypress/psoc creator/4.1/psoc creator/import/gnu/arm/5.4.1/bin/../lib/gcc/arm-none-eabi/5.4.1/../../../../arm-none-eabi/lib/armv7-m\libg_nano.a(lib_a-nano-callocr.o)
                0x000039a8                _calloc_r
 .text._free_r  0x000039c4       0x98 c:/program files (x86)/cypress/psoc creator/4.1/psoc creator/import/gnu/arm/5.4.1/bin/../lib/gcc/arm-none-eabi/5.4.1/../../../../arm-none-eabi/lib/armv7-m\libg_nano.a(lib_a-nano-freer.o)
                0x000039c4                _free_r
 .text._malloc_r
                0x00003a5c       0xbc c:/program files (x86)/cypress/psoc creator/4.1/psoc creator/import/gnu/arm/5.4.1/bin/../lib/gcc/arm-none-eabi/5.4.1/../../../../arm-none-eabi/lib/armv7-m\libg_nano.a(lib_a-nano-mallocr.o)
                0x00003a5c                _malloc_r
 .text.__ssputs_r
                0x00003b18       0xb2 c:/program files (x86)/cypress/psoc creator/4.1/psoc creator/import/gnu/arm/5.4.1/bin/../lib/gcc/arm-none-eabi/5.4.1/../../../../arm-none-eabi/lib/armv7-m\libg_nano.a(lib_a-nano-svfprintf.o)
                0x00003b18                __ssputs_r
 *fill*         0x00003bca        0x2 
 .text._svfprintf_r
                0x00003bcc      0x1e8 c:/program files (x86)/cypress/psoc creator/4.1/psoc creator/import/gnu/arm/5.4.1/bin/../lib/gcc/arm-none-eabi/5.4.1/../../../../arm-none-eabi/lib/armv7-m\libg_nano.a(lib_a-nano-svfprintf.o)
                0x00003bcc                _svfiprintf_r
                0x00003bcc                _svfprintf_r
 .text._sbrk_r  0x00003db4       0x20 c:/program files (x86)/cypress/psoc creator/4.1/psoc creator/import/gnu/arm/5.4.1/bin/../lib/gcc/arm-none-eabi/5.4.1/../../../../arm-none-eabi/lib/armv7-m\libg_nano.a(lib_a-sbrkr.o)
                0x00003db4                _sbrk_r
 .text.memmove  0x00003dd4       0x36 c:/program files (x86)/cypress/psoc creator/4.1/psoc creator/import/gnu/arm/5.4.1/bin/../lib/gcc/arm-none-eabi/5.4.1/../../../../arm-none-eabi/lib/armv7-m\libg_nano.a(lib_a-memmove.o)
                0x00003dd4                memmove
 .text.__malloc_lock
                0x00003e0a        0x2 c:/program files (x86)/cypress/psoc creator/4.1/psoc creator/import/gnu/arm/5.4.1/bin/../lib/gcc/arm-none-eabi/5.4.1/../../../../arm-none-eabi/lib/armv7-m\libg_nano.a(lib_a-mlock.o)
                0x00003e0a                __malloc_lock
 .text.__malloc_unlock
                0x00003e0c        0x2 c:/program files (x86)/cypress/psoc creator/4.1/psoc creator/import/gnu/arm/5.4.1/bin/../lib/gcc/arm-none-eabi/5.4.1/../../../../arm-none-eabi/lib/armv7-m\libg_nano.a(lib_a-mlock.o)
                0x00003e0c                __malloc_unlock
 .text._realloc_r
                0x00003e0e       0x4c c:/program files (x86)/cypress/psoc creator/4.1/psoc creator/import/gnu/arm/5.4.1/bin/../lib/gcc/arm-none-eabi/5.4.1/../../../../arm-none-eabi/lib/armv7-m\libg_nano.a(lib_a-nano-reallocr.o)
                0x00003e0e                _realloc_r
 .text._malloc_usable_size_r
                0x00003e5a       0x14 c:/program files (x86)/cypress/psoc creator/4.1/psoc creator/import/gnu/arm/5.4.1/bin/../lib/gcc/arm-none-eabi/5.4.1/../../../../arm-none-eabi/lib/armv7-m\libg_nano.a(lib_a-nano-msizer.o)
                0x00003e5a                _malloc_usable_size_r
 *(.plt)
 *(.gnu.warning)
 *(.glue_7t)
 .glue_7t       0x00003e6e        0x0 linker stubs
 *(.glue_7)
 .glue_7        0x00003e6e        0x0 linker stubs
 *(.vfp11_veneer)
 .vfp11_veneer  0x00003e6e        0x0 linker stubs
 *(.bootloader)
 *(.ARM.extab* .gnu.linkonce.armextab.*)
 *(.gcc_except_table)

.v4_bx          0x00003e70        0x0
 .v4_bx         0x00003e70        0x0 linker stubs

.iplt           0x00003e70        0x0
 .iplt          0x00003e70        0x0 c:/program files (x86)/cypress/psoc creator/4.1/psoc creator/import/gnu/arm/5.4.1/bin/../lib/gcc/arm-none-eabi/5.4.1/armv7-m/crtbegin.o

.eh_frame_hdr
 *(.eh_frame_hdr)

.eh_frame       0x00003e70        0x4
 *(.eh_frame)
 .eh_frame      0x00003e70        0x0 c:/program files (x86)/cypress/psoc creator/4.1/psoc creator/import/gnu/arm/5.4.1/bin/../lib/gcc/arm-none-eabi/5.4.1/armv7-m/crtbegin.o
 .eh_frame      0x00003e70        0x4 c:/program files (x86)/cypress/psoc creator/4.1/psoc creator/import/gnu/arm/5.4.1/bin/../lib/gcc/arm-none-eabi/5.4.1/armv7-m/crtend.o
                [!provide]                PROVIDE (__exidx_start, .)

.ARM.exidx
 *(.ARM.exidx* .gnu.linkonce.armexidx.*)
                0x00003e74                __exidx_end = .

.rodata         0x00003e78      0x1d8
 *(.rodata .rodata.* .gnu.linkonce.r.*)
 .rodata.str1.4
                0x00003e78        0xa .\CortexM3\ARM_GCC_541\Debug\matrix.o
 *fill*         0x00003e82        0x2 
 .rodata        0x00003e84       0x2a .\CortexM3\ARM_GCC_541\Debug\cyfitter_cfg.o
 *fill*         0x00003eae        0x2 
 .rodata.str1.4
                0x00003eb0        0x8 c:/program files (x86)/cypress/psoc creator/4.1/psoc creator/import/gnu/arm/5.4.1/bin/../lib/gcc/arm-none-eabi/5.4.1/../../../../arm-none-eabi/lib/armv7-m\libm.a(lib_a-w_sqrt.o)
                                  0x5 (size before relaxing)
 .rodata.str1.1
                0x00003eb8        0x2 c:/program files (x86)/cypress/psoc creator/4.1/psoc creator/import/gnu/arm/5.4.1/bin/../lib/gcc/arm-none-eabi/5.4.1/../../../../arm-none-eabi/lib/armv7-m\libg_nano.a(lib_a-impure.o)
 .rodata.str1.1
                0x00003eba       0x12 c:/program files (x86)/cypress/psoc creator/4.1/psoc creator/import/gnu/arm/5.4.1/bin/../lib/gcc/arm-none-eabi/5.4.1/../../../../arm-none-eabi/lib/armv7-m\libg_nano.a(lib_a-nano-vfprintf_float.o)
 .rodata.str1.1
                0x00003ecc       0x22 c:/program files (x86)/cypress/psoc creator/4.1/psoc creator/import/gnu/arm/5.4.1/bin/../lib/gcc/arm-none-eabi/5.4.1/../../../../arm-none-eabi/lib/armv7-m\libg_nano.a(lib_a-nano-vfprintf_i.o)
 .rodata.str1.1
                0x00003eee        0xd c:/program files (x86)/cypress/psoc creator/4.1/psoc creator/import/gnu/arm/5.4.1/bin/../lib/gcc/arm-none-eabi/5.4.1/../../../../arm-none-eabi/lib/armv7-m\libg_nano.a(lib_a-dtoa.o)
                                  0xf (size before relaxing)
 .rodata.str1.1
                0x00003efb        0x8 c:/program files (x86)/cypress/psoc creator/4.1/psoc creator/import/gnu/arm/5.4.1/bin/../lib/gcc/arm-none-eabi/5.4.1/../../../../arm-none-eabi/lib/armv7-m\libg_nano.a(lib_a-locale.o)
                                  0xb (size before relaxing)
 *fill*         0x00003f03        0x5 
 .rodata.__mprec_tens
                0x00003f08       0xc8 c:/program files (x86)/cypress/psoc creator/4.1/psoc creator/import/gnu/arm/5.4.1/bin/../lib/gcc/arm-none-eabi/5.4.1/../../../../arm-none-eabi/lib/armv7-m\libg_nano.a(lib_a-mprec.o)
                0x00003f08                __mprec_tens
 .rodata.p05.5408
                0x00003fd0        0xc c:/program files (x86)/cypress/psoc creator/4.1/psoc creator/import/gnu/arm/5.4.1/bin/../lib/gcc/arm-none-eabi/5.4.1/../../../../arm-none-eabi/lib/armv7-m\libg_nano.a(lib_a-mprec.o)
 *fill*         0x00003fdc        0x4 
 .rodata.__mprec_bigtens
                0x00003fe0       0x28 c:/program files (x86)/cypress/psoc creator/4.1/psoc creator/import/gnu/arm/5.4.1/bin/../lib/gcc/arm-none-eabi/5.4.1/../../../../arm-none-eabi/lib/armv7-m\libg_nano.a(lib_a-mprec.o)
                0x00003fe0                __mprec_bigtens
 .rodata.str1.1
                0x00004008       0x11 c:/program files (x86)/cypress/psoc creator/4.1/psoc creator/import/gnu/arm/5.4.1/bin/../lib/gcc/arm-none-eabi/5.4.1/../../../../arm-none-eabi/lib/armv7-m\libg_nano.a(lib_a-nano-svfprintf.o)
                0x0000401c                . = ALIGN (0x4)
 *fill*         0x00004019        0x3 
 *(.init)
 .init          0x0000401c        0x4 c:/program files (x86)/cypress/psoc creator/4.1/psoc creator/import/gnu/arm/5.4.1/bin/../lib/gcc/arm-none-eabi/5.4.1/armv7-m/crti.o
                0x0000401c                _init
 .init          0x00004020        0x8 c:/program files (x86)/cypress/psoc creator/4.1/psoc creator/import/gnu/arm/5.4.1/bin/../lib/gcc/arm-none-eabi/5.4.1/armv7-m/crtn.o
                0x00004028                . = ALIGN (0x4)
                0x00004028                __preinit_array_start = .
 *(.preinit_array)
                0x00004028                __preinit_array_end = .
                0x00004028                . = ALIGN (0x4)
                0x00004028                __init_array_start = .
 *(SORT(.init_array.*))
 *(.init_array)
 .init_array    0x00004028        0x4 c:/program files (x86)/cypress/psoc creator/4.1/psoc creator/import/gnu/arm/5.4.1/bin/../lib/gcc/arm-none-eabi/5.4.1/armv7-m/crtbegin.o
 .init_array    0x0000402c        0x4 .\CortexM3\ARM_GCC_541\Debug\Cm3Start.o
                0x00004030                __init_array_end = .
                0x00004030                . = ALIGN (0x4)
 *(.fini)
 .fini          0x00004030        0x4 c:/program files (x86)/cypress/psoc creator/4.1/psoc creator/import/gnu/arm/5.4.1/bin/../lib/gcc/arm-none-eabi/5.4.1/armv7-m/crti.o
                0x00004030                _fini
 .fini          0x00004034        0x8 c:/program files (x86)/cypress/psoc creator/4.1/psoc creator/import/gnu/arm/5.4.1/bin/../lib/gcc/arm-none-eabi/5.4.1/armv7-m/crtn.o
                0x0000403c                . = ALIGN (0x4)
                0x0000403c                __fini_array_start = .
 *(.fini_array)
 .fini_array    0x0000403c        0x4 c:/program files (x86)/cypress/psoc creator/4.1/psoc creator/import/gnu/arm/5.4.1/bin/../lib/gcc/arm-none-eabi/5.4.1/armv7-m/crtbegin.o
 *(SORT(.fini_array.*))
                0x00004040                __fini_array_end = .
                0x00004040                . = ALIGN (0x4)
 *crtbegin.o(.ctors)
 *(EXCLUDE_FILE(*crtend.o) .ctors)
 *(SORT(.ctors.*))
 *crtend.o(.ctors)
                0x00004040                . = ALIGN (0x4)
 *crtbegin.o(.dtors)
 *(EXCLUDE_FILE(*crtend.o) .dtors)
 *(SORT(.dtors.*))
 *crtend.o(.dtors)
                0x00004040                . = ALIGN (0x4)
                0x00004040                __cy_regions = .
                0x00004040        0x4 LONG 0x4050 __cy_region_init_ram
                0x00004044        0x4 LONG 0x1fff80c8 __cy_region_start_data
                0x00004048        0x4 LONG 0xb0 __cy_region_init_size_ram
                0x0000404c        0x4 LONG 0x150 __cy_region_zero_size_ram
                0x00004050                __cy_regions_end = .
                0x00004050                . = ALIGN (0x8)
                0x00004050                _etext = .

.cy_checksum_exclude
                0x00004050        0x0
 *(.cy_checksum_exclude)

.ramvectors     0x1fff8000       0xc0
                0x1fff8000                __cy_region_start_ram = .
 *(.ramvectors)
 .ramvectors    0x1fff8000       0xc0 .\CortexM3\ARM_GCC_541\Debug\Cm3Start.o
                0x1fff8000                CyRamVectors

.noinit         0x1fff80c0        0x1
 *(.noinit)
 .noinit        0x1fff80c0        0x1 .\CortexM3\ARM_GCC_541\Debug\Design01.a(CyLib.o)
                0x1fff80c0                CyResetStatus

.data           0x1fff80c8       0xb0 load address 0x00004050
                0x1fff80c8                __cy_region_start_data = .
 *(.jcr)
 .jcr           0x1fff80c8        0x0 c:/program files (x86)/cypress/psoc creator/4.1/psoc creator/import/gnu/arm/5.4.1/bin/../lib/gcc/arm-none-eabi/5.4.1/armv7-m/crtbegin.o
 .jcr           0x1fff80c8        0x4 c:/program files (x86)/cypress/psoc creator/4.1/psoc creator/import/gnu/arm/5.4.1/bin/../lib/gcc/arm-none-eabi/5.4.1/armv7-m/crtend.o
 *(.got.plt)
 *(.got)
 *(.shdata)
 *(.data .data.* .gnu.linkonce.d.*)
 .data          0x1fff80cc        0x1 .\CortexM3\ARM_GCC_541\Debug\PS3_Controller.o
                0x1fff80cc                count
 *fill*         0x1fff80cd        0x3 
 .data          0x1fff80d0        0x4 .\CortexM3\ARM_GCC_541\Debug\Cm3Start.o
 .data.__fdlib_version
                0x1fff80d4        0x1 c:/program files (x86)/cypress/psoc creator/4.1/psoc creator/import/gnu/arm/5.4.1/bin/../lib/gcc/arm-none-eabi/5.4.1/../../../../arm-none-eabi/lib/armv7-m\libm.a(lib_a-s_lib_ver.o)
                0x1fff80d4                __fdlib_version
 *fill*         0x1fff80d5        0x3 
 .data.impure_data
                0x1fff80d8       0x60 c:/program files (x86)/cypress/psoc creator/4.1/psoc creator/import/gnu/arm/5.4.1/bin/../lib/gcc/arm-none-eabi/5.4.1/../../../../arm-none-eabi/lib/armv7-m\libg_nano.a(lib_a-impure.o)
 .data._impure_ptr
                0x1fff8138        0x4 c:/program files (x86)/cypress/psoc creator/4.1/psoc creator/import/gnu/arm/5.4.1/bin/../lib/gcc/arm-none-eabi/5.4.1/../../../../arm-none-eabi/lib/armv7-m\libg_nano.a(lib_a-impure.o)
                0x1fff8138                _impure_ptr
 .data.lconv    0x1fff813c       0x38 c:/program files (x86)/cypress/psoc creator/4.1/psoc creator/import/gnu/arm/5.4.1/bin/../lib/gcc/arm-none-eabi/5.4.1/../../../../arm-none-eabi/lib/armv7-m\libg_nano.a(lib_a-locale.o)
                0x1fff8178                . = ALIGN (0x8)
 *fill*         0x1fff8174        0x4 
 *(.ram)
                0x1fff8178                _edata = .

.igot.plt       0x1fff8178        0x0 load address 0x00004100
 .igot.plt      0x1fff8178        0x0 c:/program files (x86)/cypress/psoc creator/4.1/psoc creator/import/gnu/arm/5.4.1/bin/../lib/gcc/arm-none-eabi/5.4.1/armv7-m/crtbegin.o

.bss            0x1fff8178      0x150 load address 0x00004100
                0x1fff8178                PROVIDE (__bss_start__, .)
 *(.shbss)
 *(.bss .bss.* .gnu.linkonce.b.*)
 .bss           0x1fff8178       0x1c c:/program files (x86)/cypress/psoc creator/4.1/psoc creator/import/gnu/arm/5.4.1/bin/../lib/gcc/arm-none-eabi/5.4.1/armv7-m/crtbegin.o
 .bss           0x1fff8194        0xa .\CortexM3\ARM_GCC_541\Debug\PS3_Controller.o
                0x1fff8194                rx
                0x1fff8196                sum
                0x1fff8198                rxdata
 .bss           0x1fff819e        0x1 .\CortexM3\ARM_GCC_541\Debug\Design01.a(motor1.o)
                0x1fff819e                motor1_initVar
 .bss           0x1fff819f        0x1 .\CortexM3\ARM_GCC_541\Debug\Design01.a(motor2.o)
                0x1fff819f                motor2_initVar
 .bss           0x1fff81a0        0x1 .\CortexM3\ARM_GCC_541\Debug\Design01.a(motor3.o)
                0x1fff81a0                motor3_initVar
 .bss           0x1fff81a1        0x1 .\CortexM3\ARM_GCC_541\Debug\Design01.a(UART_PS3.o)
                0x1fff81a1                UART_PS3_initVar
 .bss           0x1fff81a2        0x7 .\CortexM3\ARM_GCC_541\Debug\Design01.a(UART_1.o)
                0x1fff81a2                UART_1_initVar
                0x1fff81a4                UART_1_txBufferRead
                0x1fff81a6                UART_1_txBufferWrite
 *fill*         0x1fff81a9        0x3 
 .bss.__malloc_sbrk_start
                0x1fff81ac        0x4 c:/program files (x86)/cypress/psoc creator/4.1/psoc creator/import/gnu/arm/5.4.1/bin/../lib/gcc/arm-none-eabi/5.4.1/../../../../arm-none-eabi/lib/armv7-m\libg_nano.a(lib_a-nano-mallocr.o)
                0x1fff81ac                __malloc_sbrk_start
 .bss.__malloc_free_list
                0x1fff81b0        0x4 c:/program files (x86)/cypress/psoc creator/4.1/psoc creator/import/gnu/arm/5.4.1/bin/../lib/gcc/arm-none-eabi/5.4.1/../../../../arm-none-eabi/lib/armv7-m\libg_nano.a(lib_a-nano-mallocr.o)
                0x1fff81b0                __malloc_free_list
 *(COMMON)
 COMMON         0x1fff81b4        0x6 .\CortexM3\ARM_GCC_541\Debug\PS3_Controller.o
                0x1fff81b4                PS3_temp
 *fill*         0x1fff81ba        0x2 
 COMMON         0x1fff81bc      0x108 .\CortexM3\ARM_GCC_541\Debug\Design01.a(UART_1.o)
                0x1fff81bc                UART_1_txBuffer
 COMMON         0x1fff82c4        0x4 c:/program files (x86)/cypress/psoc creator/4.1/psoc creator/import/gnu/arm/5.4.1/bin/../lib/gcc/arm-none-eabi/5.4.1/../../../../arm-none-eabi/lib/armv7-m\libg_nano.a(lib_a-reent.o)
                0x1fff82c4                errno
                0x1fff82c8                . = ALIGN (0x8)
 *(.ram.b)
                0x1fff82c8                _end = .
                0x1fff82c8                __end = .
                0x1fff82c8                PROVIDE (end, .)
                0x1fff82c8                PROVIDE (__bss_end__, .)
                0x00004050                __cy_region_init_ram = LOADADDR (.data)
                0x000000b0                __cy_region_init_size_ram = (_edata - ADDR (.data))
                0x00000150                __cy_region_zero_size_ram = (_end - _edata)

.heap           0x1fff82c8     0x8000 load address 0x00004100
                0x1fff82c8                . = _end
                0x200002c8                . = (. + 0x8000)
 *fill*         0x1fff82c8     0x8000 
                0x200002c8                __cy_heap_limit = .

.stack          0x20007800      0x800
                0x20007800                __cy_stack_limit = .
                0x20008000                . = (. + 0x800)
 *fill*         0x20007800      0x800 
                0x00000001                ASSERT ((__cy_stack_limit >= __cy_heap_limit), region RAM overflowed with stack)
                0x00000000                cy_checksum_exclude_size = (CY_APPL_LOADABLE == 0x1)?SIZEOF (.cy_checksum_exclude):0x0
                0x00000001                ASSERT ((cy_checksum_exclude_size <= CY_CHECKSUM_EXCLUDE_SIZE), CY_BOOT: Section .cy_checksum_exclude size exceedes specified limit.)

.cyloadermeta
 *(.cyloadermeta)

.cyloadablemeta
 *(.cyloadablemeta)

.cyconfigecc    0x80000000      0x964
 *(.cyconfigecc)
 .cyconfigecc   0x80000000      0x964 .\CortexM3\ARM_GCC_541\Debug\cymetadata.o
                0x80000000                cy_meta_configecc

.cycustnvl      0x90000000        0x4
 *(.cycustnvl)
 .cycustnvl     0x90000000        0x4 .\CortexM3\ARM_GCC_541\Debug\cymetadata.o
                0x90000000                cy_meta_custnvl

.cywolatch      0x90100000        0x4
 *(.cywolatch)
 .cywolatch     0x90100000        0x4 .\CortexM3\ARM_GCC_541\Debug\cymetadata.o
                0x90100000                cy_meta_wonvl

.cyeeprom       0x90200000        0x0
 *(.cyeeprom)
                0x00000001                ASSERT ((. <= ((0x90200000 + ee_offset) + ee_size)), .cyeeprom data will not fit in EEPROM)

.cyflashprotect
                0x90400000      0x100
 *(.cyflashprotect)
 .cyflashprotect
                0x90400000      0x100 .\CortexM3\ARM_GCC_541\Debug\cymetadata.o
                0x90400000                cy_meta_flashprotect

.cymeta         0x90500000        0xc
 *(.cymeta)
 .cymeta        0x90500000        0xc .\CortexM3\ARM_GCC_541\Debug\cymetadata.o
                0x90500000                cy_metadata

.rel.dyn        0x00004100        0x0 load address 0x9050000c
 .rel.iplt      0x00004100        0x0 c:/program files (x86)/cypress/psoc creator/4.1/psoc creator/import/gnu/arm/5.4.1/bin/../lib/gcc/arm-none-eabi/5.4.1/armv7-m/crtbegin.o

.stab
 *(.stab)

.stabstr
 *(.stabstr)

.debug
 *(.debug)

.line
 *(.line)

.debug_srcinfo
 *(.debug_srcinfo)

.debug_sfnames
 *(.debug_sfnames)

.debug_aranges  0x00000000      0xaa8
 *(.debug_aranges)
 .debug_aranges
                0x00000000       0x20 .\CortexM3\ARM_GCC_541\Debug\main.o
 .debug_aranges
                0x00000020       0x20 .\CortexM3\ARM_GCC_541\Debug\matrix.o
 .debug_aranges
                0x00000040       0x38 .\CortexM3\ARM_GCC_541\Debug\PS3_Controller.o
 .debug_aranges
                0x00000078       0x58 .\CortexM3\ARM_GCC_541\Debug\cyfitter_cfg.o
 .debug_aranges
                0x000000d0       0x18 .\CortexM3\ARM_GCC_541\Debug\cymetadata.o
 .debug_aranges
                0x000000e8       0x48 .\CortexM3\ARM_GCC_541\Debug\Cm3Start.o
 .debug_aranges
                0x00000130      0x2a0 .\CortexM3\ARM_GCC_541\Debug\Design01.a(CyLib.o)
 .debug_aranges
                0x000003d0       0x98 .\CortexM3\ARM_GCC_541\Debug\Design01.a(cyPm.o)
 .debug_aranges
                0x00000468       0xa8 .\CortexM3\ARM_GCC_541\Debug\Design01.a(motor1.o)
 .debug_aranges
                0x00000510       0xa8 .\CortexM3\ARM_GCC_541\Debug\Design01.a(motor2.o)
 .debug_aranges
                0x000005b8       0xa8 .\CortexM3\ARM_GCC_541\Debug\Design01.a(motor3.o)
 .debug_aranges
                0x00000660       0x98 .\CortexM3\ARM_GCC_541\Debug\Design01.a(UART_PS3.o)
 .debug_aranges
                0x000006f8       0x80 .\CortexM3\ARM_GCC_541\Debug\Design01.a(ISR_PS3.o)
 .debug_aranges
                0x00000778       0xa0 .\CortexM3\ARM_GCC_541\Debug\Design01.a(UART_1.o)
 .debug_aranges
                0x00000818       0x20 .\CortexM3\ARM_GCC_541\Debug\Design01.a(UART_1_INT.o)
 .debug_aranges
                0x00000838       0x70 .\CortexM3\ARM_GCC_541\Debug\Design01.a(UART_PS3_IntClock.o)
 .debug_aranges
                0x000008a8       0x70 .\CortexM3\ARM_GCC_541\Debug\Design01.a(UART_1_IntClock.o)
 .debug_aranges
                0x00000918       0x28 .\CortexM3\ARM_GCC_541\Debug\Design01.a(reverse_1.o)
 .debug_aranges
                0x00000940       0x28 .\CortexM3\ARM_GCC_541\Debug\Design01.a(reverse_2.o)
 .debug_aranges
                0x00000968       0x28 .\CortexM3\ARM_GCC_541\Debug\Design01.a(reverse_3.o)
 .debug_aranges
                0x00000990       0x20 .\CortexM3\ARM_GCC_541\Debug\Design01.a(CyBootAsmGnu.o)
 .debug_aranges
                0x000009b0       0x80 .\CortexM3\ARM_GCC_541\Debug\Design01.a(CyFlash.o)
 .debug_aranges
                0x00000a30       0x78 .\CortexM3\ARM_GCC_541\Debug\Design01.a(CySpc.o)

.debug_pubnames
 *(.debug_pubnames)

.debug_info     0x00000000     0x5c42
 *(.debug_info .gnu.linkonce.wi.*)
 .debug_info    0x00000000      0x423 .\CortexM3\ARM_GCC_541\Debug\main.o
 .debug_info    0x00000423      0x353 .\CortexM3\ARM_GCC_541\Debug\matrix.o
 .debug_info    0x00000776      0x34e .\CortexM3\ARM_GCC_541\Debug\PS3_Controller.o
 .debug_info    0x00000ac4      0x513 .\CortexM3\ARM_GCC_541\Debug\cyfitter_cfg.o
 .debug_info    0x00000fd7      0x139 .\CortexM3\ARM_GCC_541\Debug\cymetadata.o
 .debug_info    0x00001110      0x3bb .\CortexM3\ARM_GCC_541\Debug\Cm3Start.o
 .debug_info    0x000014cb     0x1374 .\CortexM3\ARM_GCC_541\Debug\Design01.a(CyLib.o)
 .debug_info    0x0000283f      0xa2a .\CortexM3\ARM_GCC_541\Debug\Design01.a(cyPm.o)
 .debug_info    0x00003269      0x382 .\CortexM3\ARM_GCC_541\Debug\Design01.a(motor1.o)
 .debug_info    0x000035eb      0x382 .\CortexM3\ARM_GCC_541\Debug\Design01.a(motor2.o)
 .debug_info    0x0000396d      0x382 .\CortexM3\ARM_GCC_541\Debug\Design01.a(motor3.o)
 .debug_info    0x00003cef      0x3a7 .\CortexM3\ARM_GCC_541\Debug\Design01.a(UART_PS3.o)
 .debug_info    0x00004096      0x2d2 .\CortexM3\ARM_GCC_541\Debug\Design01.a(ISR_PS3.o)
 .debug_info    0x00004368      0x527 .\CortexM3\ARM_GCC_541\Debug\Design01.a(UART_1.o)
 .debug_info    0x0000488f      0x108 .\CortexM3\ARM_GCC_541\Debug\Design01.a(UART_1_INT.o)
 .debug_info    0x00004997      0x283 .\CortexM3\ARM_GCC_541\Debug\Design01.a(UART_PS3_IntClock.o)
 .debug_info    0x00004c1a      0x283 .\CortexM3\ARM_GCC_541\Debug\Design01.a(UART_1_IntClock.o)
 .debug_info    0x00004e9d       0xd6 .\CortexM3\ARM_GCC_541\Debug\Design01.a(reverse_1.o)
 .debug_info    0x00004f73       0xd6 .\CortexM3\ARM_GCC_541\Debug\Design01.a(reverse_2.o)
 .debug_info    0x00005049       0xd6 .\CortexM3\ARM_GCC_541\Debug\Design01.a(reverse_3.o)
 .debug_info    0x0000511f       0x82 .\CortexM3\ARM_GCC_541\Debug\Design01.a(CyBootAsmGnu.o)
 .debug_info    0x000051a1      0x5b8 .\CortexM3\ARM_GCC_541\Debug\Design01.a(CyFlash.o)
 .debug_info    0x00005759      0x4e9 .\CortexM3\ARM_GCC_541\Debug\Design01.a(CySpc.o)

.debug_abbrev   0x00000000     0x1bd5
 *(.debug_abbrev)
 .debug_abbrev  0x00000000      0x142 .\CortexM3\ARM_GCC_541\Debug\main.o
 .debug_abbrev  0x00000142      0x180 .\CortexM3\ARM_GCC_541\Debug\matrix.o
 .debug_abbrev  0x000002c2      0x14e .\CortexM3\ARM_GCC_541\Debug\PS3_Controller.o
 .debug_abbrev  0x00000410      0x1fe .\CortexM3\ARM_GCC_541\Debug\cyfitter_cfg.o
 .debug_abbrev  0x0000060e       0x77 .\CortexM3\ARM_GCC_541\Debug\cymetadata.o
 .debug_abbrev  0x00000685      0x1e8 .\CortexM3\ARM_GCC_541\Debug\Cm3Start.o
 .debug_abbrev  0x0000086d      0x254 .\CortexM3\ARM_GCC_541\Debug\Design01.a(CyLib.o)
 .debug_abbrev  0x00000ac1      0x1ab .\CortexM3\ARM_GCC_541\Debug\Design01.a(cyPm.o)
 .debug_abbrev  0x00000c6c      0x133 .\CortexM3\ARM_GCC_541\Debug\Design01.a(motor1.o)
 .debug_abbrev  0x00000d9f      0x133 .\CortexM3\ARM_GCC_541\Debug\Design01.a(motor2.o)
 .debug_abbrev  0x00000ed2      0x133 .\CortexM3\ARM_GCC_541\Debug\Design01.a(motor3.o)
 .debug_abbrev  0x00001005      0x140 .\CortexM3\ARM_GCC_541\Debug\Design01.a(UART_PS3.o)
 .debug_abbrev  0x00001145      0x173 .\CortexM3\ARM_GCC_541\Debug\Design01.a(ISR_PS3.o)
 .debug_abbrev  0x000012b8      0x16f .\CortexM3\ARM_GCC_541\Debug\Design01.a(UART_1.o)
 .debug_abbrev  0x00001427       0x79 .\CortexM3\ARM_GCC_541\Debug\Design01.a(UART_1_INT.o)
 .debug_abbrev  0x000014a0      0x139 .\CortexM3\ARM_GCC_541\Debug\Design01.a(UART_PS3_IntClock.o)
 .debug_abbrev  0x000015d9      0x139 .\CortexM3\ARM_GCC_541\Debug\Design01.a(UART_1_IntClock.o)
 .debug_abbrev  0x00001712       0x81 .\CortexM3\ARM_GCC_541\Debug\Design01.a(reverse_1.o)
 .debug_abbrev  0x00001793       0x81 .\CortexM3\ARM_GCC_541\Debug\Design01.a(reverse_2.o)
 .debug_abbrev  0x00001814       0x81 .\CortexM3\ARM_GCC_541\Debug\Design01.a(reverse_3.o)
 .debug_abbrev  0x00001895       0x14 .\CortexM3\ARM_GCC_541\Debug\Design01.a(CyBootAsmGnu.o)
 .debug_abbrev  0x000018a9      0x198 .\CortexM3\ARM_GCC_541\Debug\Design01.a(CyFlash.o)
 .debug_abbrev  0x00001a41      0x194 .\CortexM3\ARM_GCC_541\Debug\Design01.a(CySpc.o)

.debug_line     0x00000000     0x2b15
 *(.debug_line)
 .debug_line    0x00000000      0x28b .\CortexM3\ARM_GCC_541\Debug\main.o
 .debug_line    0x0000028b      0x238 .\CortexM3\ARM_GCC_541\Debug\matrix.o
 .debug_line    0x000004c3      0x205 .\CortexM3\ARM_GCC_541\Debug\PS3_Controller.o
 .debug_line    0x000006c8      0x1e3 .\CortexM3\ARM_GCC_541\Debug\cyfitter_cfg.o
 .debug_line    0x000008ab      0x141 .\CortexM3\ARM_GCC_541\Debug\cymetadata.o
 .debug_line    0x000009ec      0x234 .\CortexM3\ARM_GCC_541\Debug\Cm3Start.o
 .debug_line    0x00000c20      0x816 .\CortexM3\ARM_GCC_541\Debug\Design01.a(CyLib.o)
 .debug_line    0x00001436      0x367 .\CortexM3\ARM_GCC_541\Debug\Design01.a(cyPm.o)
 .debug_line    0x0000179d      0x1ac .\CortexM3\ARM_GCC_541\Debug\Design01.a(motor1.o)
 .debug_line    0x00001949      0x1ac .\CortexM3\ARM_GCC_541\Debug\Design01.a(motor2.o)
 .debug_line    0x00001af5      0x1ac .\CortexM3\ARM_GCC_541\Debug\Design01.a(motor3.o)
 .debug_line    0x00001ca1      0x1b0 .\CortexM3\ARM_GCC_541\Debug\Design01.a(UART_PS3.o)
 .debug_line    0x00001e51      0x134 .\CortexM3\ARM_GCC_541\Debug\Design01.a(ISR_PS3.o)
 .debug_line    0x00001f85      0x233 .\CortexM3\ARM_GCC_541\Debug\Design01.a(UART_1.o)
 .debug_line    0x000021b8       0x81 .\CortexM3\ARM_GCC_541\Debug\Design01.a(UART_1_INT.o)
 .debug_line    0x00002239      0x180 .\CortexM3\ARM_GCC_541\Debug\Design01.a(UART_PS3_IntClock.o)
 .debug_line    0x000023b9      0x17e .\CortexM3\ARM_GCC_541\Debug\Design01.a(UART_1_IntClock.o)
 .debug_line    0x00002537       0x71 .\CortexM3\ARM_GCC_541\Debug\Design01.a(reverse_1.o)
 .debug_line    0x000025a8       0x71 .\CortexM3\ARM_GCC_541\Debug\Design01.a(reverse_2.o)
 .debug_line    0x00002619       0x71 .\CortexM3\ARM_GCC_541\Debug\Design01.a(reverse_3.o)
 .debug_line    0x0000268a       0x66 .\CortexM3\ARM_GCC_541\Debug\Design01.a(CyBootAsmGnu.o)
 .debug_line    0x000026f0      0x1e9 .\CortexM3\ARM_GCC_541\Debug\Design01.a(CyFlash.o)
 .debug_line    0x000028d9      0x23c .\CortexM3\ARM_GCC_541\Debug\Design01.a(CySpc.o)

.debug_frame    0x00000000     0x21b8
 *(.debug_frame)
 .debug_frame   0x00000000       0x38 .\CortexM3\ARM_GCC_541\Debug\main.o
 .debug_frame   0x00000038       0x44 .\CortexM3\ARM_GCC_541\Debug\matrix.o
 .debug_frame   0x0000007c       0x78 .\CortexM3\ARM_GCC_541\Debug\PS3_Controller.o
 .debug_frame   0x000000f4       0xe4 .\CortexM3\ARM_GCC_541\Debug\cyfitter_cfg.o
 .debug_frame   0x000001d8       0xb8 .\CortexM3\ARM_GCC_541\Debug\Cm3Start.o
 .debug_frame   0x00000290      0x738 .\CortexM3\ARM_GCC_541\Debug\Design01.a(CyLib.o)
 .debug_frame   0x000009c8      0x1f8 .\CortexM3\ARM_GCC_541\Debug\Design01.a(cyPm.o)
 .debug_frame   0x00000bc0      0x154 .\CortexM3\ARM_GCC_541\Debug\Design01.a(motor1.o)
 .debug_frame   0x00000d14      0x154 .\CortexM3\ARM_GCC_541\Debug\Design01.a(motor2.o)
 .debug_frame   0x00000e68      0x154 .\CortexM3\ARM_GCC_541\Debug\Design01.a(motor3.o)
 .debug_frame   0x00000fbc      0x14c .\CortexM3\ARM_GCC_541\Debug\Design01.a(UART_PS3.o)
 .debug_frame   0x00001108      0x104 .\CortexM3\ARM_GCC_541\Debug\Design01.a(ISR_PS3.o)
 .debug_frame   0x0000120c      0x1b0 .\CortexM3\ARM_GCC_541\Debug\Design01.a(UART_1.o)
 .debug_frame   0x000013bc       0x20 .\CortexM3\ARM_GCC_541\Debug\Design01.a(UART_1_INT.o)
 .debug_frame   0x000013dc       0xe0 .\CortexM3\ARM_GCC_541\Debug\Design01.a(UART_PS3_IntClock.o)
 .debug_frame   0x000014bc       0xe0 .\CortexM3\ARM_GCC_541\Debug\Design01.a(UART_1_IntClock.o)
 .debug_frame   0x0000159c       0x30 .\CortexM3\ARM_GCC_541\Debug\Design01.a(reverse_1.o)
 .debug_frame   0x000015cc       0x30 .\CortexM3\ARM_GCC_541\Debug\Design01.a(reverse_2.o)
 .debug_frame   0x000015fc       0x30 .\CortexM3\ARM_GCC_541\Debug\Design01.a(reverse_3.o)
 .debug_frame   0x0000162c      0x174 .\CortexM3\ARM_GCC_541\Debug\Design01.a(CyFlash.o)
 .debug_frame   0x000017a0      0x160 .\CortexM3\ARM_GCC_541\Debug\Design01.a(CySpc.o)
 .debug_frame   0x00001900       0x44 c:/program files (x86)/cypress/psoc creator/4.1/psoc creator/import/gnu/arm/5.4.1/bin/../lib/gcc/arm-none-eabi/5.4.1/../../../../arm-none-eabi/lib/armv7-m\libm.a(lib_a-w_sqrt.o)
 .debug_frame   0x00001944       0x30 c:/program files (x86)/cypress/psoc creator/4.1/psoc creator/import/gnu/arm/5.4.1/bin/../lib/gcc/arm-none-eabi/5.4.1/../../../../arm-none-eabi/lib/armv7-m\libm.a(lib_a-e_sqrt.o)
 .debug_frame   0x00001974       0x20 c:/program files (x86)/cypress/psoc creator/4.1/psoc creator/import/gnu/arm/5.4.1/bin/../lib/gcc/arm-none-eabi/5.4.1/../../../../arm-none-eabi/lib/armv7-m\libm.a(lib_a-s_matherr.o)
 .debug_frame   0x00001994       0x20 c:/program files (x86)/cypress/psoc creator/4.1/psoc creator/import/gnu/arm/5.4.1/bin/../lib/gcc/arm-none-eabi/5.4.1/../../../../arm-none-eabi/lib/armv7-m\libg_nano.a(lib_a-errno.o)
 .debug_frame   0x000019b4       0x28 c:/program files (x86)/cypress/psoc creator/4.1/psoc creator/import/gnu/arm/5.4.1/bin/../lib/gcc/arm-none-eabi/5.4.1/../../../../arm-none-eabi/lib/armv7-m\libg_nano.a(lib_a-exit.o)
 .debug_frame   0x000019dc       0x2c c:/program files (x86)/cypress/psoc creator/4.1/psoc creator/import/gnu/arm/5.4.1/bin/../lib/gcc/arm-none-eabi/5.4.1/../../../../arm-none-eabi/lib/armv7-m\libg_nano.a(lib_a-init.o)
 .debug_frame   0x00001a08       0x28 c:/program files (x86)/cypress/psoc creator/4.1/psoc creator/import/gnu/arm/5.4.1/bin/../lib/gcc/arm-none-eabi/5.4.1/../../../../arm-none-eabi/lib/armv7-m\libg_nano.a(lib_a-memcpy-stub.o)
 .debug_frame   0x00001a30       0x20 c:/program files (x86)/cypress/psoc creator/4.1/psoc creator/import/gnu/arm/5.4.1/bin/../lib/gcc/arm-none-eabi/5.4.1/../../../../arm-none-eabi/lib/armv7-m\libg_nano.a(lib_a-memset.o)
 .debug_frame   0x00001a50       0x8c c:/program files (x86)/cypress/psoc creator/4.1/psoc creator/import/gnu/arm/5.4.1/bin/../lib/gcc/arm-none-eabi/5.4.1/../../../../arm-none-eabi/lib/armv7-m\libg_nano.a(lib_a-nano-vfprintf_float.o)
 .debug_frame   0x00001adc       0x60 c:/program files (x86)/cypress/psoc creator/4.1/psoc creator/import/gnu/arm/5.4.1/bin/../lib/gcc/arm-none-eabi/5.4.1/../../../../arm-none-eabi/lib/armv7-m\libg_nano.a(lib_a-nano-vfprintf_i.o)
 .debug_frame   0x00001b3c       0x70 c:/program files (x86)/cypress/psoc creator/4.1/psoc creator/import/gnu/arm/5.4.1/bin/../lib/gcc/arm-none-eabi/5.4.1/../../../../arm-none-eabi/lib/armv7-m\libg_nano.a(lib_a-sprintf.o)
 .debug_frame   0x00001bac       0x6c c:/program files (x86)/cypress/psoc creator/4.1/psoc creator/import/gnu/arm/5.4.1/bin/../lib/gcc/arm-none-eabi/5.4.1/../../../../arm-none-eabi/lib/armv7-m\libg_nano.a(lib_a-dtoa.o)
 .debug_frame   0x00001c18       0x98 c:/program files (x86)/cypress/psoc creator/4.1/psoc creator/import/gnu/arm/5.4.1/bin/../lib/gcc/arm-none-eabi/5.4.1/../../../../arm-none-eabi/lib/armv7-m\libg_nano.a(lib_a-locale.o)
 .debug_frame   0x00001cb0       0x30 c:/program files (x86)/cypress/psoc creator/4.1/psoc creator/import/gnu/arm/5.4.1/bin/../lib/gcc/arm-none-eabi/5.4.1/../../../../arm-none-eabi/lib/armv7-m\libg_nano.a(lib_a-malloc.o)
 .debug_frame   0x00001ce0       0x28 c:/program files (x86)/cypress/psoc creator/4.1/psoc creator/import/gnu/arm/5.4.1/bin/../lib/gcc/arm-none-eabi/5.4.1/../../../../arm-none-eabi/lib/armv7-m\libg_nano.a(lib_a-memchr-stub.o)
 .debug_frame   0x00001d08      0x234 c:/program files (x86)/cypress/psoc creator/4.1/psoc creator/import/gnu/arm/5.4.1/bin/../lib/gcc/arm-none-eabi/5.4.1/../../../../arm-none-eabi/lib/armv7-m\libg_nano.a(lib_a-mprec.o)
 .debug_frame   0x00001f3c       0x2c c:/program files (x86)/cypress/psoc creator/4.1/psoc creator/import/gnu/arm/5.4.1/bin/../lib/gcc/arm-none-eabi/5.4.1/../../../../arm-none-eabi/lib/armv7-m\libg_nano.a(lib_a-nano-callocr.o)
 .debug_frame   0x00001f68       0x38 c:/program files (x86)/cypress/psoc creator/4.1/psoc creator/import/gnu/arm/5.4.1/bin/../lib/gcc/arm-none-eabi/5.4.1/../../../../arm-none-eabi/lib/armv7-m\libg_nano.a(lib_a-nano-freer.o)
 .debug_frame   0x00001fa0       0x2c c:/program files (x86)/cypress/psoc creator/4.1/psoc creator/import/gnu/arm/5.4.1/bin/../lib/gcc/arm-none-eabi/5.4.1/../../../../arm-none-eabi/lib/armv7-m\libg_nano.a(lib_a-nano-mallocr.o)
 .debug_frame   0x00001fcc       0x90 c:/program files (x86)/cypress/psoc creator/4.1/psoc creator/import/gnu/arm/5.4.1/bin/../lib/gcc/arm-none-eabi/5.4.1/../../../../arm-none-eabi/lib/armv7-m\libg_nano.a(lib_a-nano-svfprintf.o)
 .debug_frame   0x0000205c       0x2c c:/program files (x86)/cypress/psoc creator/4.1/psoc creator/import/gnu/arm/5.4.1/bin/../lib/gcc/arm-none-eabi/5.4.1/../../../../arm-none-eabi/lib/armv7-m\libg_nano.a(lib_a-sbrkr.o)
 .debug_frame   0x00002088       0x20 c:/program files (x86)/cypress/psoc creator/4.1/psoc creator/import/gnu/arm/5.4.1/bin/../lib/gcc/arm-none-eabi/5.4.1/../../../../arm-none-eabi/lib/armv7-m\libg_nano.a(lib_a-strcmp.o)
 .debug_frame   0x000020a8       0x28 c:/program files (x86)/cypress/psoc creator/4.1/psoc creator/import/gnu/arm/5.4.1/bin/../lib/gcc/arm-none-eabi/5.4.1/../../../../arm-none-eabi/lib/armv7-m\libg_nano.a(lib_a-memmove.o)
 .debug_frame   0x000020d0       0x30 c:/program files (x86)/cypress/psoc creator/4.1/psoc creator/import/gnu/arm/5.4.1/bin/../lib/gcc/arm-none-eabi/5.4.1/../../../../arm-none-eabi/lib/armv7-m\libg_nano.a(lib_a-mlock.o)
 .debug_frame   0x00002100       0x3c c:/program files (x86)/cypress/psoc creator/4.1/psoc creator/import/gnu/arm/5.4.1/bin/../lib/gcc/arm-none-eabi/5.4.1/../../../../arm-none-eabi/lib/armv7-m\libg_nano.a(lib_a-nano-reallocr.o)
 .debug_frame   0x0000213c       0x5c c:/program files (x86)/cypress/psoc creator/4.1/psoc creator/import/gnu/arm/5.4.1/bin/../lib/gcc/arm-none-eabi/5.4.1/../../../../arm-none-eabi/lib/armv7-m\libg_nano.a(lib_a-reent.o)
 .debug_frame   0x00002198       0x20 c:/program files (x86)/cypress/psoc creator/4.1/psoc creator/import/gnu/arm/5.4.1/bin/../lib/gcc/arm-none-eabi/5.4.1/../../../../arm-none-eabi/lib/armv7-m\libg_nano.a(lib_a-nano-msizer.o)

.debug_str      0x00000000     0x21a3
 *(.debug_str)
 .debug_str     0x00000000      0x292 .\CortexM3\ARM_GCC_541\Debug\main.o
                                0x2e4 (size before relaxing)
 .debug_str     0x00000292       0x2f .\CortexM3\ARM_GCC_541\Debug\matrix.o
                                0x23f (size before relaxing)
 .debug_str     0x000002c1       0xad .\CortexM3\ARM_GCC_541\Debug\PS3_Controller.o
                                0x2e1 (size before relaxing)
 .debug_str     0x0000036e      0x16d .\CortexM3\ARM_GCC_541\Debug\cyfitter_cfg.o
                                0x301 (size before relaxing)
 .debug_str     0x000004db       0x7f .\CortexM3\ARM_GCC_541\Debug\cymetadata.o
                                0x1d6 (size before relaxing)
 .debug_str     0x0000055a      0x144 .\CortexM3\ARM_GCC_541\Debug\Cm3Start.o
                                0x2fc (size before relaxing)
 .debug_str     0x0000069e      0x845 .\CortexM3\ARM_GCC_541\Debug\Design01.a(CyLib.o)
                                0xa39 (size before relaxing)
 .debug_str     0x00000ee3      0x365 .\CortexM3\ARM_GCC_541\Debug\Design01.a(cyPm.o)
                                0x725 (size before relaxing)
 .debug_str     0x00001248      0x1c2 .\CortexM3\ARM_GCC_541\Debug\Design01.a(motor1.o)
                                0x388 (size before relaxing)
 .debug_str     0x0000140a      0x180 .\CortexM3\ARM_GCC_541\Debug\Design01.a(motor2.o)
                                0x388 (size before relaxing)
 .debug_str     0x0000158a      0x180 .\CortexM3\ARM_GCC_541\Debug\Design01.a(motor3.o)
                                0x388 (size before relaxing)
 .debug_str     0x0000170a      0x1a7 .\CortexM3\ARM_GCC_541\Debug\Design01.a(UART_PS3.o)
                                0x3b4 (size before relaxing)
 .debug_str     0x000018b1       0xd3 .\CortexM3\ARM_GCC_541\Debug\Design01.a(ISR_PS3.o)
                                0x2b4 (size before relaxing)
 .debug_str     0x00001984      0x219 .\CortexM3\ARM_GCC_541\Debug\Design01.a(UART_1.o)
                                0x441 (size before relaxing)
 .debug_str     0x00001b9d       0x31 .\CortexM3\ARM_GCC_541\Debug\Design01.a(UART_1_INT.o)
                                0x1e9 (size before relaxing)
 .debug_str     0x00001bce      0x1ab .\CortexM3\ARM_GCC_541\Debug\Design01.a(UART_PS3_IntClock.o)
                                0x358 (size before relaxing)
 .debug_str     0x00001d79      0x14c .\CortexM3\ARM_GCC_541\Debug\Design01.a(UART_1_IntClock.o)
                                0x340 (size before relaxing)
 .debug_str     0x00001ec5       0x32 .\CortexM3\ARM_GCC_541\Debug\Design01.a(reverse_1.o)
                                0x1ad (size before relaxing)
 .debug_str     0x00001ef7       0x32 .\CortexM3\ARM_GCC_541\Debug\Design01.a(reverse_2.o)
                                0x1ad (size before relaxing)
 .debug_str     0x00001f29       0x32 .\CortexM3\ARM_GCC_541\Debug\Design01.a(reverse_3.o)
                                0x1ad (size before relaxing)
 .debug_str     0x00001f5b      0x19c .\CortexM3\ARM_GCC_541\Debug\Design01.a(CyFlash.o)
                                0x393 (size before relaxing)
 .debug_str     0x000020f7       0xac .\CortexM3\ARM_GCC_541\Debug\Design01.a(CySpc.o)
                                0x31c (size before relaxing)

.debug_loc      0x00000000     0x1fc8
 *(.debug_loc)
 .debug_loc     0x00000000       0x94 .\CortexM3\ARM_GCC_541\Debug\main.o
 .debug_loc     0x00000094      0x131 .\CortexM3\ARM_GCC_541\Debug\matrix.o
 .debug_loc     0x000001c5      0x1d7 .\CortexM3\ARM_GCC_541\Debug\cyfitter_cfg.o
 .debug_loc     0x0000039c      0x144 .\CortexM3\ARM_GCC_541\Debug\Cm3Start.o
 .debug_loc     0x000004e0      0xa11 .\CortexM3\ARM_GCC_541\Debug\Design01.a(CyLib.o)
 .debug_loc     0x00000ef1      0x1e4 .\CortexM3\ARM_GCC_541\Debug\Design01.a(cyPm.o)
 .debug_loc     0x000010d5       0x26 .\CortexM3\ARM_GCC_541\Debug\Design01.a(motor1.o)
 .debug_loc     0x000010fb       0x26 .\CortexM3\ARM_GCC_541\Debug\Design01.a(motor2.o)
 .debug_loc     0x00001121       0x26 .\CortexM3\ARM_GCC_541\Debug\Design01.a(motor3.o)
 .debug_loc     0x00001147       0x87 .\CortexM3\ARM_GCC_541\Debug\Design01.a(UART_PS3.o)
 .debug_loc     0x000011ce       0x56 .\CortexM3\ARM_GCC_541\Debug\Design01.a(ISR_PS3.o)
 .debug_loc     0x00001224      0x215 .\CortexM3\ARM_GCC_541\Debug\Design01.a(UART_1.o)
 .debug_loc     0x00001439      0x128 .\CortexM3\ARM_GCC_541\Debug\Design01.a(UART_PS3_IntClock.o)
 .debug_loc     0x00001561      0x128 .\CortexM3\ARM_GCC_541\Debug\Design01.a(UART_1_IntClock.o)
 .debug_loc     0x00001689      0x2f2 .\CortexM3\ARM_GCC_541\Debug\Design01.a(CyFlash.o)
 .debug_loc     0x0000197b      0x64d .\CortexM3\ARM_GCC_541\Debug\Design01.a(CySpc.o)

.debug_macinfo
 *(.debug_macinfo)

.debug_ranges   0x00000000      0x920
 *(.debug_ranges)
 .debug_ranges  0x00000000       0x10 .\CortexM3\ARM_GCC_541\Debug\main.o
 .debug_ranges  0x00000010       0x10 .\CortexM3\ARM_GCC_541\Debug\matrix.o
 .debug_ranges  0x00000020       0x28 .\CortexM3\ARM_GCC_541\Debug\PS3_Controller.o
 .debug_ranges  0x00000048       0x48 .\CortexM3\ARM_GCC_541\Debug\cyfitter_cfg.o
 .debug_ranges  0x00000090       0x38 .\CortexM3\ARM_GCC_541\Debug\Cm3Start.o
 .debug_ranges  0x000000c8      0x290 .\CortexM3\ARM_GCC_541\Debug\Design01.a(CyLib.o)
 .debug_ranges  0x00000358       0x88 .\CortexM3\ARM_GCC_541\Debug\Design01.a(cyPm.o)
 .debug_ranges  0x000003e0       0x98 .\CortexM3\ARM_GCC_541\Debug\Design01.a(motor1.o)
 .debug_ranges  0x00000478       0x98 .\CortexM3\ARM_GCC_541\Debug\Design01.a(motor2.o)
 .debug_ranges  0x00000510       0x98 .\CortexM3\ARM_GCC_541\Debug\Design01.a(motor3.o)
 .debug_ranges  0x000005a8       0x88 .\CortexM3\ARM_GCC_541\Debug\Design01.a(UART_PS3.o)
 .debug_ranges  0x00000630       0x70 .\CortexM3\ARM_GCC_541\Debug\Design01.a(ISR_PS3.o)
 .debug_ranges  0x000006a0       0x90 .\CortexM3\ARM_GCC_541\Debug\Design01.a(UART_1.o)
 .debug_ranges  0x00000730       0x10 .\CortexM3\ARM_GCC_541\Debug\Design01.a(UART_1_INT.o)
 .debug_ranges  0x00000740       0x60 .\CortexM3\ARM_GCC_541\Debug\Design01.a(UART_PS3_IntClock.o)
 .debug_ranges  0x000007a0       0x60 .\CortexM3\ARM_GCC_541\Debug\Design01.a(UART_1_IntClock.o)
 .debug_ranges  0x00000800       0x18 .\CortexM3\ARM_GCC_541\Debug\Design01.a(reverse_1.o)
 .debug_ranges  0x00000818       0x18 .\CortexM3\ARM_GCC_541\Debug\Design01.a(reverse_2.o)
 .debug_ranges  0x00000830       0x18 .\CortexM3\ARM_GCC_541\Debug\Design01.a(reverse_3.o)
 .debug_ranges  0x00000848       0x70 .\CortexM3\ARM_GCC_541\Debug\Design01.a(CyFlash.o)
 .debug_ranges  0x000008b8       0x68 .\CortexM3\ARM_GCC_541\Debug\Design01.a(CySpc.o)

.comment        0x00000000       0x6e
 .comment       0x00000000       0x6e .\CortexM3\ARM_GCC_541\Debug\main.o
                                 0x6f (size before relaxing)
 .comment       0x0000006e       0x6f .\CortexM3\ARM_GCC_541\Debug\matrix.o
 .comment       0x0000006e       0x6f .\CortexM3\ARM_GCC_541\Debug\PS3_Controller.o
 .comment       0x0000006e       0x6f .\CortexM3\ARM_GCC_541\Debug\cyfitter_cfg.o
 .comment       0x0000006e       0x6f .\CortexM3\ARM_GCC_541\Debug\cymetadata.o
 .comment       0x0000006e       0x6f .\CortexM3\ARM_GCC_541\Debug\Cm3Start.o
 .comment       0x0000006e       0x6f .\CortexM3\ARM_GCC_541\Debug\Design01.a(CyLib.o)
 .comment       0x0000006e       0x6f .\CortexM3\ARM_GCC_541\Debug\Design01.a(cyPm.o)
 .comment       0x0000006e       0x6f .\CortexM3\ARM_GCC_541\Debug\Design01.a(motor1.o)
 .comment       0x0000006e       0x6f .\CortexM3\ARM_GCC_541\Debug\Design01.a(motor2.o)
 .comment       0x0000006e       0x6f .\CortexM3\ARM_GCC_541\Debug\Design01.a(motor3.o)
 .comment       0x0000006e       0x6f .\CortexM3\ARM_GCC_541\Debug\Design01.a(UART_PS3.o)
 .comment       0x0000006e       0x6f .\CortexM3\ARM_GCC_541\Debug\Design01.a(ISR_PS3.o)
 .comment       0x0000006e       0x6f .\CortexM3\ARM_GCC_541\Debug\Design01.a(UART_1.o)
 .comment       0x0000006e       0x6f .\CortexM3\ARM_GCC_541\Debug\Design01.a(UART_1_INT.o)
 .comment       0x0000006e       0x6f .\CortexM3\ARM_GCC_541\Debug\Design01.a(UART_PS3_IntClock.o)
 .comment       0x0000006e       0x6f .\CortexM3\ARM_GCC_541\Debug\Design01.a(UART_1_IntClock.o)
 .comment       0x0000006e       0x6f .\CortexM3\ARM_GCC_541\Debug\Design01.a(reverse_1.o)
 .comment       0x0000006e       0x6f .\CortexM3\ARM_GCC_541\Debug\Design01.a(reverse_2.o)
 .comment       0x0000006e       0x6f .\CortexM3\ARM_GCC_541\Debug\Design01.a(reverse_3.o)
 .comment       0x0000006e       0x6f .\CortexM3\ARM_GCC_541\Debug\Design01.a(CyFlash.o)
 .comment       0x0000006e       0x6f .\CortexM3\ARM_GCC_541\Debug\Design01.a(CySpc.o)

.debug_weaknames
 *(.debug_weaknames)

.debug_funcnames
 *(.debug_funcnames)

.debug_typenames
 *(.debug_typenames)

.debug_varnames
 *(.debug_varnames)

.note.gnu.arm.ident
 *(.note.gnu.arm.ident)

.ARM.attributes
                0x00000000       0x29
 *(.ARM.attributes)
 .ARM.attributes
                0x00000000       0x1d c:/program files (x86)/cypress/psoc creator/4.1/psoc creator/import/gnu/arm/5.4.1/bin/../lib/gcc/arm-none-eabi/5.4.1/armv7-m/crti.o
 .ARM.attributes
                0x0000001d       0x2d c:/program files (x86)/cypress/psoc creator/4.1/psoc creator/import/gnu/arm/5.4.1/bin/../lib/gcc/arm-none-eabi/5.4.1/armv7-m/crtbegin.o
 .ARM.attributes
                0x0000004a       0x1b c:/program files (x86)/cypress/psoc creator/4.1/psoc creator/import/gnu/arm/5.4.1/bin/../lib/gcc/arm-none-eabi/5.4.1/../../../../arm-none-eabi/lib/armv7-m/crt0.o
 .ARM.attributes
                0x00000065       0x33 .\CortexM3\ARM_GCC_541\Debug\main.o
 .ARM.attributes
                0x00000098       0x33 .\CortexM3\ARM_GCC_541\Debug\matrix.o
 .ARM.attributes
                0x000000cb       0x33 .\CortexM3\ARM_GCC_541\Debug\PS3_Controller.o
 .ARM.attributes
                0x000000fe       0x33 .\CortexM3\ARM_GCC_541\Debug\cyfitter_cfg.o
 .ARM.attributes
                0x00000131       0x33 .\CortexM3\ARM_GCC_541\Debug\cymetadata.o
 .ARM.attributes
                0x00000164       0x33 .\CortexM3\ARM_GCC_541\Debug\Cm3Start.o
 .ARM.attributes
                0x00000197       0x33 .\CortexM3\ARM_GCC_541\Debug\Design01.a(CyLib.o)
 .ARM.attributes
                0x000001ca       0x33 .\CortexM3\ARM_GCC_541\Debug\Design01.a(cyPm.o)
 .ARM.attributes
                0x000001fd       0x33 .\CortexM3\ARM_GCC_541\Debug\Design01.a(motor1.o)
 .ARM.attributes
                0x00000230       0x33 .\CortexM3\ARM_GCC_541\Debug\Design01.a(motor2.o)
 .ARM.attributes
                0x00000263       0x33 .\CortexM3\ARM_GCC_541\Debug\Design01.a(motor3.o)
 .ARM.attributes
                0x00000296       0x33 .\CortexM3\ARM_GCC_541\Debug\Design01.a(UART_PS3.o)
 .ARM.attributes
                0x000002c9       0x33 .\CortexM3\ARM_GCC_541\Debug\Design01.a(ISR_PS3.o)
 .ARM.attributes
                0x000002fc       0x33 .\CortexM3\ARM_GCC_541\Debug\Design01.a(UART_1.o)
 .ARM.attributes
                0x0000032f       0x33 .\CortexM3\ARM_GCC_541\Debug\Design01.a(UART_1_INT.o)
 .ARM.attributes
                0x00000362       0x33 .\CortexM3\ARM_GCC_541\Debug\Design01.a(UART_PS3_IntClock.o)
 .ARM.attributes
                0x00000395       0x33 .\CortexM3\ARM_GCC_541\Debug\Design01.a(UART_1_IntClock.o)
 .ARM.attributes
                0x000003c8       0x33 .\CortexM3\ARM_GCC_541\Debug\Design01.a(reverse_1.o)
 .ARM.attributes
                0x000003fb       0x33 .\CortexM3\ARM_GCC_541\Debug\Design01.a(reverse_2.o)
 .ARM.attributes
                0x0000042e       0x33 .\CortexM3\ARM_GCC_541\Debug\Design01.a(reverse_3.o)
 .ARM.attributes
                0x00000461       0x21 .\CortexM3\ARM_GCC_541\Debug\Design01.a(CyBootAsmGnu.o)
 .ARM.attributes
                0x00000482       0x33 .\CortexM3\ARM_GCC_541\Debug\Design01.a(CyFlash.o)
 .ARM.attributes
                0x000004b5       0x33 .\CortexM3\ARM_GCC_541\Debug\Design01.a(CySpc.o)
 .ARM.attributes
                0x000004e8       0x2d c:/program files (x86)/cypress/psoc creator/4.1/psoc creator/import/gnu/arm/5.4.1/bin/../lib/gcc/arm-none-eabi/5.4.1/../../../../arm-none-eabi/lib/armv7-m\libm.a(lib_a-w_sqrt.o)
 .ARM.attributes
                0x00000515       0x2d c:/program files (x86)/cypress/psoc creator/4.1/psoc creator/import/gnu/arm/5.4.1/bin/../lib/gcc/arm-none-eabi/5.4.1/../../../../arm-none-eabi/lib/armv7-m\libm.a(lib_a-e_sqrt.o)
 .ARM.attributes
                0x00000542       0x2d c:/program files (x86)/cypress/psoc creator/4.1/psoc creator/import/gnu/arm/5.4.1/bin/../lib/gcc/arm-none-eabi/5.4.1/../../../../arm-none-eabi/lib/armv7-m\libm.a(lib_a-s_lib_ver.o)
 .ARM.attributes
                0x0000056f       0x2d c:/program files (x86)/cypress/psoc creator/4.1/psoc creator/import/gnu/arm/5.4.1/bin/../lib/gcc/arm-none-eabi/5.4.1/../../../../arm-none-eabi/lib/armv7-m\libm.a(lib_a-s_matherr.o)
 .ARM.attributes
                0x0000059c       0x1d c:/program files (x86)/cypress/psoc creator/4.1/psoc creator/import/gnu/arm/5.4.1/bin/../lib/gcc/arm-none-eabi/5.4.1/armv7-m\libgcc.a(_arm_addsubdf3.o)
 .ARM.attributes
                0x000005b9       0x1d c:/program files (x86)/cypress/psoc creator/4.1/psoc creator/import/gnu/arm/5.4.1/bin/../lib/gcc/arm-none-eabi/5.4.1/armv7-m\libgcc.a(_arm_muldivdf3.o)
 .ARM.attributes
                0x000005d6       0x1d c:/program files (x86)/cypress/psoc creator/4.1/psoc creator/import/gnu/arm/5.4.1/bin/../lib/gcc/arm-none-eabi/5.4.1/armv7-m\libgcc.a(_arm_cmpdf2.o)
 .ARM.attributes
                0x000005f3       0x1d c:/program files (x86)/cypress/psoc creator/4.1/psoc creator/import/gnu/arm/5.4.1/bin/../lib/gcc/arm-none-eabi/5.4.1/armv7-m\libgcc.a(_arm_unorddf2.o)
 .ARM.attributes
                0x00000610       0x1d c:/program files (x86)/cypress/psoc creator/4.1/psoc creator/import/gnu/arm/5.4.1/bin/../lib/gcc/arm-none-eabi/5.4.1/armv7-m\libgcc.a(_arm_fixdfsi.o)
 .ARM.attributes
                0x0000062d       0x1d c:/program files (x86)/cypress/psoc creator/4.1/psoc creator/import/gnu/arm/5.4.1/bin/../lib/gcc/arm-none-eabi/5.4.1/armv7-m\libgcc.a(_arm_fixunsdfsi.o)
 .ARM.attributes
                0x0000064a       0x1d c:/program files (x86)/cypress/psoc creator/4.1/psoc creator/import/gnu/arm/5.4.1/bin/../lib/gcc/arm-none-eabi/5.4.1/armv7-m\libgcc.a(_arm_truncdfsf2.o)
 .ARM.attributes
                0x00000667       0x1d c:/program files (x86)/cypress/psoc creator/4.1/psoc creator/import/gnu/arm/5.4.1/bin/../lib/gcc/arm-none-eabi/5.4.1/armv7-m\libgcc.a(_arm_addsubsf3.o)
 .ARM.attributes
                0x00000684       0x1d c:/program files (x86)/cypress/psoc creator/4.1/psoc creator/import/gnu/arm/5.4.1/bin/../lib/gcc/arm-none-eabi/5.4.1/armv7-m\libgcc.a(_arm_cmpsf2.o)
 .ARM.attributes
                0x000006a1       0x1d c:/program files (x86)/cypress/psoc creator/4.1/psoc creator/import/gnu/arm/5.4.1/bin/../lib/gcc/arm-none-eabi/5.4.1/armv7-m\libgcc.a(_arm_fixunssfsi.o)
 .ARM.attributes
                0x000006be       0x2d c:/program files (x86)/cypress/psoc creator/4.1/psoc creator/import/gnu/arm/5.4.1/bin/../lib/gcc/arm-none-eabi/5.4.1/../../../../arm-none-eabi/lib/armv7-m\libg_nano.a(lib_a-errno.o)
 .ARM.attributes
                0x000006eb       0x2d c:/program files (x86)/cypress/psoc creator/4.1/psoc creator/import/gnu/arm/5.4.1/bin/../lib/gcc/arm-none-eabi/5.4.1/../../../../arm-none-eabi/lib/armv7-m\libg_nano.a(lib_a-exit.o)
 .ARM.attributes
                0x00000718       0x2d c:/program files (x86)/cypress/psoc creator/4.1/psoc creator/import/gnu/arm/5.4.1/bin/../lib/gcc/arm-none-eabi/5.4.1/../../../../arm-none-eabi/lib/armv7-m\libg_nano.a(lib_a-impure.o)
 .ARM.attributes
                0x00000745       0x2d c:/program files (x86)/cypress/psoc creator/4.1/psoc creator/import/gnu/arm/5.4.1/bin/../lib/gcc/arm-none-eabi/5.4.1/../../../../arm-none-eabi/lib/armv7-m\libg_nano.a(lib_a-init.o)
 .ARM.attributes
                0x00000772       0x2d c:/program files (x86)/cypress/psoc creator/4.1/psoc creator/import/gnu/arm/5.4.1/bin/../lib/gcc/arm-none-eabi/5.4.1/../../../../arm-none-eabi/lib/armv7-m\libg_nano.a(lib_a-memcpy-stub.o)
 .ARM.attributes
                0x0000079f       0x2d c:/program files (x86)/cypress/psoc creator/4.1/psoc creator/import/gnu/arm/5.4.1/bin/../lib/gcc/arm-none-eabi/5.4.1/../../../../arm-none-eabi/lib/armv7-m\libg_nano.a(lib_a-memset.o)
 .ARM.attributes
                0x000007cc       0x2d c:/program files (x86)/cypress/psoc creator/4.1/psoc creator/import/gnu/arm/5.4.1/bin/../lib/gcc/arm-none-eabi/5.4.1/../../../../arm-none-eabi/lib/armv7-m\libg_nano.a(lib_a-nano-vfprintf_float.o)
 .ARM.attributes
                0x000007f9       0x2d c:/program files (x86)/cypress/psoc creator/4.1/psoc creator/import/gnu/arm/5.4.1/bin/../lib/gcc/arm-none-eabi/5.4.1/../../../../arm-none-eabi/lib/armv7-m\libg_nano.a(lib_a-nano-vfprintf_i.o)
 .ARM.attributes
                0x00000826       0x2d c:/program files (x86)/cypress/psoc creator/4.1/psoc creator/import/gnu/arm/5.4.1/bin/../lib/gcc/arm-none-eabi/5.4.1/../../../../arm-none-eabi/lib/armv7-m\libg_nano.a(lib_a-sprintf.o)
 .ARM.attributes
                0x00000853       0x17 c:/program files (x86)/cypress/psoc creator/4.1/psoc creator/import/gnu/arm/5.4.1/bin/../lib/gcc/arm-none-eabi/5.4.1/../../../../arm-none-eabi/lib/armv7-m\libg_nano.a(lib_a-strlen.o)
 .ARM.attributes
                0x0000086a       0x2d c:/program files (x86)/cypress/psoc creator/4.1/psoc creator/import/gnu/arm/5.4.1/bin/../lib/gcc/arm-none-eabi/5.4.1/../../../../arm-none-eabi/lib/armv7-m\libg_nano.a(lib_a-dtoa.o)
 .ARM.attributes
                0x00000897       0x2d c:/program files (x86)/cypress/psoc creator/4.1/psoc creator/import/gnu/arm/5.4.1/bin/../lib/gcc/arm-none-eabi/5.4.1/../../../../arm-none-eabi/lib/armv7-m\libg_nano.a(lib_a-locale.o)
 .ARM.attributes
                0x000008c4       0x2d c:/program files (x86)/cypress/psoc creator/4.1/psoc creator/import/gnu/arm/5.4.1/bin/../lib/gcc/arm-none-eabi/5.4.1/../../../../arm-none-eabi/lib/armv7-m\libg_nano.a(lib_a-malloc.o)
 .ARM.attributes
                0x000008f1       0x2d c:/program files (x86)/cypress/psoc creator/4.1/psoc creator/import/gnu/arm/5.4.1/bin/../lib/gcc/arm-none-eabi/5.4.1/../../../../arm-none-eabi/lib/armv7-m\libg_nano.a(lib_a-memchr-stub.o)
 .ARM.attributes
                0x0000091e       0x2d c:/program files (x86)/cypress/psoc creator/4.1/psoc creator/import/gnu/arm/5.4.1/bin/../lib/gcc/arm-none-eabi/5.4.1/../../../../arm-none-eabi/lib/armv7-m\libg_nano.a(lib_a-mprec.o)
 .ARM.attributes
                0x0000094b       0x2d c:/program files (x86)/cypress/psoc creator/4.1/psoc creator/import/gnu/arm/5.4.1/bin/../lib/gcc/arm-none-eabi/5.4.1/../../../../arm-none-eabi/lib/armv7-m\libg_nano.a(lib_a-nano-callocr.o)
 .ARM.attributes
                0x00000978       0x2d c:/program files (x86)/cypress/psoc creator/4.1/psoc creator/import/gnu/arm/5.4.1/bin/../lib/gcc/arm-none-eabi/5.4.1/../../../../arm-none-eabi/lib/armv7-m\libg_nano.a(lib_a-nano-freer.o)
 .ARM.attributes
                0x000009a5       0x2d c:/program files (x86)/cypress/psoc creator/4.1/psoc creator/import/gnu/arm/5.4.1/bin/../lib/gcc/arm-none-eabi/5.4.1/../../../../arm-none-eabi/lib/armv7-m\libg_nano.a(lib_a-nano-mallocr.o)
 .ARM.attributes
                0x000009d2       0x2d c:/program files (x86)/cypress/psoc creator/4.1/psoc creator/import/gnu/arm/5.4.1/bin/../lib/gcc/arm-none-eabi/5.4.1/../../../../arm-none-eabi/lib/armv7-m\libg_nano.a(lib_a-nano-svfprintf.o)
 .ARM.attributes
                0x000009ff       0x2d c:/program files (x86)/cypress/psoc creator/4.1/psoc creator/import/gnu/arm/5.4.1/bin/../lib/gcc/arm-none-eabi/5.4.1/../../../../arm-none-eabi/lib/armv7-m\libg_nano.a(lib_a-sbrkr.o)
 .ARM.attributes
                0x00000a2c       0x1b c:/program files (x86)/cypress/psoc creator/4.1/psoc creator/import/gnu/arm/5.4.1/bin/../lib/gcc/arm-none-eabi/5.4.1/../../../../arm-none-eabi/lib/armv7-m\libg_nano.a(lib_a-strcmp.o)
 .ARM.attributes
                0x00000a47       0x2d c:/program files (x86)/cypress/psoc creator/4.1/psoc creator/import/gnu/arm/5.4.1/bin/../lib/gcc/arm-none-eabi/5.4.1/../../../../arm-none-eabi/lib/armv7-m\libg_nano.a(lib_a-memmove.o)
 .ARM.attributes
                0x00000a74       0x2d c:/program files (x86)/cypress/psoc creator/4.1/psoc creator/import/gnu/arm/5.4.1/bin/../lib/gcc/arm-none-eabi/5.4.1/../../../../arm-none-eabi/lib/armv7-m\libg_nano.a(lib_a-mlock.o)
 .ARM.attributes
                0x00000aa1       0x2d c:/program files (x86)/cypress/psoc creator/4.1/psoc creator/import/gnu/arm/5.4.1/bin/../lib/gcc/arm-none-eabi/5.4.1/../../../../arm-none-eabi/lib/armv7-m\libg_nano.a(lib_a-nano-reallocr.o)
 .ARM.attributes
                0x00000ace       0x2d c:/program files (x86)/cypress/psoc creator/4.1/psoc creator/import/gnu/arm/5.4.1/bin/../lib/gcc/arm-none-eabi/5.4.1/../../../../arm-none-eabi/lib/armv7-m\libg_nano.a(lib_a-reent.o)
 .ARM.attributes
                0x00000afb       0x2d c:/program files (x86)/cypress/psoc creator/4.1/psoc creator/import/gnu/arm/5.4.1/bin/../lib/gcc/arm-none-eabi/5.4.1/../../../../arm-none-eabi/lib/armv7-m\libg_nano.a(lib_a-nano-msizer.o)
 .ARM.attributes
                0x00000b28       0x2d c:/program files (x86)/cypress/psoc creator/4.1/psoc creator/import/gnu/arm/5.4.1/bin/../lib/gcc/arm-none-eabi/5.4.1/armv7-m/crtend.o
 .ARM.attributes
                0x00000b55       0x1d c:/program files (x86)/cypress/psoc creator/4.1/psoc creator/import/gnu/arm/5.4.1/bin/../lib/gcc/arm-none-eabi/5.4.1/armv7-m/crtn.o

/DISCARD/
 *(.note.GNU-stack)
OUTPUT(C:\Users\tetsuya\Documents\motor_yao\Design01.cydsn\CortexM3\ARM_GCC_541\Debug\Design01.elf elf32-littlearm)
